Component: ARM Compiler 5.06 update 7 (build 960) Tool: armlink [4d3601]

==============================================================================

Section Cross References

    startup.o(STACK) refers (Special) to heapauxi.o(.text) for __use_two_region_memory
    startup.o(HEAP) refers (Special) to heapauxi.o(.text) for __use_two_region_memory
    startup.o(RESET) refers (Special) to heapauxi.o(.text) for __use_two_region_memory
    startup.o(RESET) refers to startup.o(STACK) for StackMem
    startup.o(RESET) refers to osasm.o(.text) for PendSV_Handler
    startup.o(RESET) refers to os.o(i.GPIOPortE_Handler) for GPIOPortE_Handler
    startup.o(RESET) refers to texas.o(i.Timer4A_Handler) for Timer4A_Handler
    startup.o(RESET) refers to texas.o(i.Timer5A_Handler) for Timer5A_Handler
    startup.o(RESET) refers to bsp.o(i.WideTimer3A_Handler) for WideTimer3A_Handler
    startup.o(RESET) refers to bsp.o(i.WideTimer4A_Handler) for WideTimer4A_Handler
    startup.o(RESET) refers to bsp.o(i.WideTimer5A_Handler) for WideTimer5A_Handler
    startup.o(RESET) refers to __main.o(!!!main) for __main
    startup.o(.text) refers (Special) to heapauxi.o(.text) for __use_two_region_memory
    startup.o(.text) refers to startup.o(HEAP) for HeapMem
    startup.o(.text) refers to startup.o(STACK) for StackMem
    random.o(.text) refers to random.o(DATA) for M
    spaceinvaders.o(i.Convert) refers to dflt_clz.o(x$fpl$dfltu) for __aeabi_ui2d
    spaceinvaders.o(i.Convert) refers to dmul.o(x$fpl$dmul) for __aeabi_dmul
    spaceinvaders.o(i.Convert) refers to dfixu.o(x$fpl$dfixu) for __aeabi_d2uiz
    spaceinvaders.o(i.Draw) refers to st7735.o(i.ST7735_FillRect) for ST7735_FillRect
    spaceinvaders.o(i.Draw) refers to st7735.o(i.ST7735_DrawBitmap) for ST7735_DrawBitmap
    spaceinvaders.o(i.Draw) refers to sound.o(i.Sound_Killed) for Sound_Killed
    spaceinvaders.o(i.Draw) refers to spaceinvaders.o(.data) for pixel
    spaceinvaders.o(i.Draw) refers to spaceinvaders.o(.bss) for Player
    spaceinvaders.o(i.Init) refers to spaceinvaders.o(.bss) for Enemy
    spaceinvaders.o(i.Init) refers to spaceinvaders.o(.constdata) for SmallEnemy30pointA
    spaceinvaders.o(i.Move) refers to spaceinvaders.o(.bss) for Missle
    spaceinvaders.o(i.Task0) refers to os.o(i.OS_Wait) for OS_Wait
    spaceinvaders.o(i.Task0) refers to adc.o(i.ADC0_In) for ADC0_In
    spaceinvaders.o(i.Task0) refers to spaceinvaders.o(i.Convert) for Convert
    spaceinvaders.o(i.Task0) refers to dflt_clz.o(x$fpl$dfltu) for __aeabi_ui2d
    spaceinvaders.o(i.Task0) refers to dmul.o(x$fpl$dmul) for __aeabi_dmul
    spaceinvaders.o(i.Task0) refers to dfixu.o(x$fpl$dfixu) for __aeabi_d2uiz
    spaceinvaders.o(i.Task0) refers to spaceinvaders.o(.data) for TakeADCdata
    spaceinvaders.o(i.Task1) refers to spaceinvaders.o(i.Draw) for Draw
    spaceinvaders.o(i.Task1) refers to spaceinvaders.o(i.enemylaser) for enemylaser
    spaceinvaders.o(i.Task1) refers to spaceinvaders.o(i.missle_draw) for missle_draw
    spaceinvaders.o(i.Task1) refers to os.o(i.OS_Sleep) for OS_Sleep
    spaceinvaders.o(i.Task1) refers to spaceinvaders.o(i.enemy_move) for enemy_move
    spaceinvaders.o(i.Task1) refers to spaceinvaders.o(i.lasermove) for lasermove
    spaceinvaders.o(i.Task1) refers to spaceinvaders.o(i.checkEnemies) for checkEnemies
    spaceinvaders.o(i.Task1) refers to spaceinvaders.o(i.Init) for Init
    spaceinvaders.o(i.Task1) refers to spaceinvaders.o(i.Move) for Move
    spaceinvaders.o(i.Task1) refers to spaceinvaders.o(i.missleCollision) for missleCollision
    spaceinvaders.o(i.Task1) refers to spaceinvaders.o(i.laserplayercollision) for laserplayercollision
    spaceinvaders.o(i.Task1) refers to st7735.o(i.ST7735_FillScreen) for ST7735_FillScreen
    spaceinvaders.o(i.Task1) refers to st7735.o(i.ST7735_SetCursor) for ST7735_SetCursor
    spaceinvaders.o(i.Task1) refers to st7735.o(i.ST7735_OutString) for ST7735_OutString
    spaceinvaders.o(i.Task1) refers to st7735.o(i.ST7735_OutUDec) for ST7735_OutUDec
    spaceinvaders.o(i.Task1) refers to spaceinvaders.o(.bss) for Player
    spaceinvaders.o(i.Task1) refers to spaceinvaders.o(.data) for currentX
    spaceinvaders.o(i.Task2) refers to os.o(i.OS_Wait) for OS_Wait
    spaceinvaders.o(i.Task2) refers to sound.o(i.Sound_Play) for Sound_Play
    spaceinvaders.o(i.Task2) refers to spaceinvaders.o(.data) for Takesounddata
    spaceinvaders.o(i.Task3) refers to os.o(i.OS_InitSemaphore) for OS_InitSemaphore
    spaceinvaders.o(i.Task3) refers to os.o(i.OS_EdgeTrigger_Init) for OS_EdgeTrigger_Init
    spaceinvaders.o(i.Task3) refers to os.o(i.OS_Wait) for OS_Wait
    spaceinvaders.o(i.Task3) refers to os.o(i.OS_Sleep) for OS_Sleep
    spaceinvaders.o(i.Task3) refers to sound.o(i.Sound_Shoot) for Sound_Shoot
    spaceinvaders.o(i.Task3) refers to spaceinvaders.o(i.new_Missle) for new_Missle
    spaceinvaders.o(i.Task3) refers to os.o(i.OS_EdgeTrigger_Restart) for OS_EdgeTrigger_Restart
[...]
    Removing st7735.o(i.ST7735_DrawFastVLine), (124 bytes).
    Removing st7735.o(i.ST7735_DrawSmallCircle), (172 bytes).
    Removing st7735.o(i.ST7735_InitB), (40 bytes).
    Removing st7735.o(i.ST7735_InvertDisplay), (22 bytes).
    Removing st7735.o(i.ST7735_PlotBar), (88 bytes).
    Removing st7735.o(i.ST7735_PlotClear), (92 bytes).
    Removing st7735.o(i.ST7735_PlotLine), (264 bytes).
    Removing st7735.o(i.ST7735_PlotNext), (32 bytes).
    Removing st7735.o(i.ST7735_PlotNextErase), (64 bytes).
    Removing st7735.o(i.ST7735_PlotPoint), (152 bytes).
    Removing st7735.o(i.ST7735_PlotPoints), (172 bytes).
    Removing st7735.o(i.ST7735_PlotdBfs), (60 bytes).
    Removing st7735.o(i.ST7735_SetRotation), (212 bytes).
    Removing st7735.o(i.ST7735_SetTextColor), (12 bytes).
    Removing st7735.o(i.ST7735_SwapColor), (18 bytes).
    Removing st7735.o(i.deselect), (28 bytes).
    Removing st7735.o(i.ferror), (8 bytes).
    Removing st7735.o(i.fgetc), (6 bytes).
    Removing st7735.o(i.fputc), (16 bytes).
    Removing pll.o(i.PL_Init), (124 bytes).
    Removing sound.o(i.Sound_Explosion), (20 bytes).
    Removing sound.o(i.Sound_Fastinvader1), (20 bytes).
    Removing sound.o(i.Sound_Fastinvader2), (20 bytes).
    Removing sound.o(i.Sound_Fastinvader3), (20 bytes).
    Removing sound.o(i.Sound_Fastinvader4), (20 bytes).
    Removing sound.o(i.Sound_Highpitch), (20 bytes).
    Removing os.o(i.OS_FIFO_Get), (72 bytes).
    Removing os.o(i.OS_FIFO_Init), (60 bytes).
    Removing os.o(i.OS_FIFO_Put), (88 bytes).
    Removing os.o(i.OS_Id), (12 bytes).
    Removing os.o(i.OS_Kill), (156 bytes).
    Removing bsp.o(.emb_text), (6 bytes).
    Removing bsp.o(i.BSP_Accelerometer_Init), (176 bytes).
    Removing bsp.o(i.BSP_Accelerometer_Input), (72 bytes).
    Removing bsp.o(i.BSP_Button1_Init), (128 bytes).
    Removing bsp.o(i.BSP_Button1_Input), (12 bytes).
    Removing bsp.o(i.BSP_Button2_Init), (144 bytes).
    Removing bsp.o(i.BSP_Button2_Input), (12 bytes).
    Removing bsp.o(i.BSP_Buzzer_Init), (212 bytes).
    Removing bsp.o(i.BSP_Buzzer_Set), (32 bytes).
    Removing bsp.o(i.BSP_Delay1ms), (22 bytes).
    Removing bsp.o(i.BSP_Joystick_Init), (304 bytes).
    Removing bsp.o(i.BSP_Joystick_Input), (64 bytes).
    Removing bsp.o(i.BSP_LCD_Color565), (24 bytes).
    Removing bsp.o(i.BSP_LCD_DrawBitmap), (288 bytes).
    Removing bsp.o(i.BSP_LCD_DrawChar), (272 bytes).
    Removing bsp.o(i.BSP_LCD_DrawCharS), (248 bytes).
    Removing bsp.o(i.BSP_LCD_DrawFastHLine), (124 bytes).
    Removing bsp.o(i.BSP_LCD_DrawFastVLine), (124 bytes).
    Removing bsp.o(i.BSP_LCD_DrawPixel), (72 bytes).
    Removing bsp.o(i.BSP_LCD_DrawString), (86 bytes).
    Removing bsp.o(i.BSP_LCD_Drawaxes), (292 bytes).
    Removing bsp.o(i.BSP_LCD_FillRect), (172 bytes).
    Removing bsp.o(i.BSP_LCD_FillScreen), (36 bytes).
    Removing bsp.o(i.BSP_LCD_Init), (10 bytes).
    Removing bsp.o(i.BSP_LCD_OutUDec), (144 bytes).
    Removing bsp.o(i.BSP_LCD_OutUDec4), (136 bytes).
    Removing bsp.o(i.BSP_LCD_OutUDec5), (136 bytes).
    Removing bsp.o(i.BSP_LCD_OutUFix2_1), (112 bytes).
    Removing bsp.o(i.BSP_LCD_OutUHex2), (112 bytes).
    Removing bsp.o(i.BSP_LCD_PlotIncrement), (56 bytes).
    Removing bsp.o(i.BSP_LCD_PlotPoint), (100 bytes).
    Removing bsp.o(i.BSP_LCD_SetCursor), (32 bytes).
    Removing bsp.o(i.BSP_LCD_SwapColor), (18 bytes).
    Removing bsp.o(i.BSP_LightSensor_End), (68 bytes).
    Removing bsp.o(i.BSP_LightSensor_Init), (84 bytes).
    Removing bsp.o(i.BSP_LightSensor_Input), (52 bytes).
    Removing bsp.o(i.BSP_LightSensor_Start), (28 bytes).
    Removing bsp.o(i.BSP_Microphone_Init), (172 bytes).
    Removing bsp.o(i.BSP_Microphone_Input), (44 bytes).
    Removing bsp.o(i.BSP_PeriodicTask_InitC), (188 bytes).
    Removing bsp.o(i.BSP_PeriodicTask_Restart), (24 bytes).
    Removing bsp.o(i.BSP_PeriodicTask_Stop), (24 bytes).
    Removing bsp.o(i.BSP_PeriodicTask_StopB), (24 bytes).
    Removing bsp.o(i.BSP_PeriodicTask_StopC), (24 bytes).
    Removing bsp.o(i.BSP_RGB_D_Init), (344 bytes).
    Removing bsp.o(i.BSP_RGB_D_Set), (64 bytes).
    Removing bsp.o(i.BSP_RGB_D_Toggle), (60 bytes).
    Removing bsp.o(i.BSP_RGB_Init), (576 bytes).
    Removing bsp.o(i.BSP_RGB_Set), (80 bytes).
    Removing bsp.o(i.BSP_TempSensor_End), (76 bytes).
    Removing bsp.o(i.BSP_TempSensor_Init), (84 bytes).
    Removing bsp.o(i.BSP_TempSensor_Input), (60 bytes).
    Removing bsp.o(i.BSP_TempSensor_Start), (28 bytes).
    Removing bsp.o(i.BSP_Time_Get), (16 bytes).
    Removing bsp.o(i.BSP_Time_Init), (108 bytes).
    Removing bsp.o(i.I2C_Recv2), (120 bytes).
    Removing bsp.o(i.I2C_Send1), (72 bytes).
    Removing bsp.o(i.I2C_Send3), (176 bytes).
    Removing bsp.o(i.ST7735_InitR), (116 bytes).
    Removing bsp.o(i.adcinit), (76 bytes).
    Removing bsp.o(i.commandList), (86 bytes).
    Removing bsp.o(i.commonInit), (516 bytes).
    Removing bsp.o(i.fillmessage), (72 bytes).
    Removing bsp.o(i.fillmessage2_1), (96 bytes).
    Removing bsp.o(i.fillmessage2_Hex), (84 bytes).
    Removing bsp.o(i.fillmessage4), (100 bytes).
    Removing bsp.o(i.fillmessage5), (128 bytes).
    Removing bsp.o(i.i2cinit), (148 bytes).
    Removing bsp.o(i.lightsensorend), (80 bytes).
    Removing bsp.o(i.lightsensorstart), (36 bytes).
    Removing bsp.o(i.pushColor), (18 bytes).
    Removing bsp.o(i.setAddrWindow), (116 bytes).
    Removing bsp.o(i.tempsensorend), (68 bytes).
    Removing bsp.o(i.tempsensorstart), (18 bytes).
    Removing bsp.o(i.writecommand), (72 bytes).
    Removing bsp.o(i.writedata), (72 bytes).
    Removing bsp.o(.bss), (12 bytes).
    Removing bsp.o(.constdata), (1403 bytes).
    Removing cortexm.o(.emb_text), (6 bytes).
    Removing cortexm.o(i.Clock_Delay1ms), (22 bytes).

136 unused section(s) (total 14197 bytes) removed from the image.

==============================================================================

Image Symbol Table

    Local Symbols

    Symbol Name                              Value     Ov Type        Size  Object(Section)

    RESET                                    0x00000000   Section      644  startup.o(RESET)
    ../clib/angel/boardlib.s                 0x00000000   Number         0  boardinit1.o ABSOLUTE
    ../clib/angel/boardlib.s                 0x00000000   Number         0  boardinit2.o ABSOLUTE
    ../clib/angel/boardlib.s                 0x00000000   Number         0  boardinit3.o ABSOLUTE
    ../clib/angel/boardlib.s                 0x00000000   Number         0  boardshut.o ABSOLUTE
    ../clib/angel/dczerorl.s                 0x00000000   Number         0  __dczerorl.o ABSOLUTE
    ../clib/angel/handlers.s                 0x00000000   Number         0  __scatter_zi.o ABSOLUTE
    ../clib/angel/kernel.s                   0x00000000   Number         0  rtexit.o ABSOLUTE
    ../clib/angel/kernel.s                   0x00000000   Number         0  __rtentry.o ABSOLUTE
    ../clib/angel/kernel.s                   0x00000000   Number         0  __rtentry2.o ABSOLUTE
    ../clib/angel/kernel.s                   0x00000000   Number         0  rtexit2.o ABSOLUTE
    ../clib/angel/kernel.s                   0x00000000   Number         0  __rtentry4.o ABSOLUTE
    ../clib/angel/rt.s                       0x00000000   Number         0  rt_raise.o ABSOLUTE
    ../clib/angel/scatter.s                  0x00000000   Number         0  __scatter.o ABSOLUTE
    ../clib/angel/startup.s                  0x00000000   Number         0  __main.o ABSOLUTE
    ../clib/angel/sys.s                      0x00000000   Number         0  sys_stackheap_outer.o ABSOLUTE
    ../clib/angel/sys.s                      0x00000000   Number         0  libspace.o ABSOLUTE
    ../clib/angel/sys.s                      0x00000000   Number         0  use_no_semi.o ABSOLUTE
    ../clib/angel/sys.s                      0x00000000   Number         0  indicate_semi.o ABSOLUTE
    ../clib/angel/sysapp.c                   0x00000000   Number         0  sys_exit.o ABSOLUTE
    ../clib/angel/sysapp.c                   0x00000000   Number         0  sys_wrch.o ABSOLUTE
    ../clib/angel/sysapp.c                   0x00000000   Number         0  sys_command.o ABSOLUTE
    ../clib/armsys.c                         0x00000000   Number         0  argv_veneer.o ABSOLUTE
    ../clib/armsys.c                         0x00000000   Number         0  _get_argv_nomalloc.o ABSOLUTE
    ../clib/armsys.c                         0x00000000   Number         0  no_argv.o ABSOLUTE
    ../clib/armsys.c                         0x00000000   Number         0  argv_veneer.o ABSOLUTE
    ../clib/heapalloc.c                      0x00000000   Number         0  hrguard.o ABSOLUTE
    ../clib/heapaux.c                        0x00000000   Number         0  heapauxi.o ABSOLUTE
    ../clib/libinit.s                        0x00000000   Number         0  libinit2.o ABSOLUTE
    ../clib/libinit.s                        0x00000000   Number         0  libshutdown.o ABSOLUTE
    ../clib/libinit.s                        0x00000000   Number         0  libshutdown2.o ABSOLUTE
    ../clib/libinit.s                        0x00000000   Number         0  libinit.o ABSOLUTE
    ../clib/signal.c                         0x00000000   Number         0  defsig_abrt_inner.o ABSOLUTE
    ../clib/signal.c                         0x00000000   Number         0  defsig_rtmem_outer.o ABSOLUTE
    ../clib/signal.c                         0x00000000   Number         0  defsig_rtmem_formal.o ABSOLUTE
    ../clib/signal.c                         0x00000000   Number         0  defsig_exit.o ABSOLUTE
    ../clib/signal.c                         0x00000000   Number         0  defsig_rtmem_inner.o ABSOLUTE
    ../clib/signal.c                         0x00000000   Number         0  defsig_other.o ABSOLUTE
    ../clib/signal.c                         0x00000000   Number         0  __raise.o ABSOLUTE
    ../clib/signal.c                         0x00000000   Number         0  defsig_segv_inner.o ABSOLUTE
    ../clib/signal.c                         0x00000000   Number         0  defsig_cppl_inner.o ABSOLUTE
    ../clib/signal.c                         0x00000000   Number         0  defsig_pvfn_inner.o ABSOLUTE
    ../clib/signal.c                         0x00000000   Number         0  defsig_stak_inner.o ABSOLUTE
    ../clib/signal.c                         0x00000000   Number         0  defsig_rtred_inner.o ABSOLUTE
    ../clib/signal.c                         0x00000000   Number         0  defsig_fpe_inner.o ABSOLUTE
    ../clib/signal.c                         0x00000000   Number         0  defsig_general.o ABSOLUTE
    ../clib/signal.s                         0x00000000   Number         0  defsig.o ABSOLUTE
    ../clib/stdlib.c                         0x00000000   Number         0  exit.o ABSOLUTE
    ../fplib/dfixu.s                         0x00000000   Number         0  dfixu.o ABSOLUTE
    ../fplib/dflt.s                          0x00000000   Number         0  dflt_clz.o ABSOLUTE
    ../fplib/dmul.s                          0x00000000   Number         0  dmul.o ABSOLUTE
    ../fplib/dnaninf.s                       0x00000000   Number         0  dnaninf.o ABSOLUTE
    ../fplib/dretinf.s                       0x00000000   Number         0  dretinf.o ABSOLUTE
    ../fplib/fpinit.s                        0x00000000   Number         0  fpinit.o ABSOLUTE
    ../fplib/usenofp.s                       0x00000000   Number         0  usenofp.o ABSOLUTE
    ADC.c                                    0x00000000   Number         0  adc.o ABSOLUTE
    BSP.c                                    0x00000000   Number         0  bsp.o ABSOLUTE
    BSP.c                                    0x00000000   Number         0  bsp.o ABSOLUTE
    CortexM.c                                0x00000000   Number         0  cortexm.o ABSOLUTE
    CortexM.c                                0x00000000   Number         0  cortexm.o ABSOLUTE
    DAC.c                                    0x00000000   Number         0  dac.o ABSOLUTE
    PLL.c                                    0x00000000   Number         0  pll.o ABSOLUTE
    ST7735.c                                 0x00000000   Number         0  st7735.o ABSOLUTE
    Sound.c                                  0x00000000   Number         0  sound.o ABSOLUTE
    SpaceInvaders.c                          0x00000000   Number         0  spaceinvaders.o ABSOLUTE
    SwitchLED.c                              0x00000000   Number         0  switchled.o ABSOLUTE
    TExaS.c                                  0x00000000   Number         0  texas.o ABSOLUTE
    dc.s                                     0x00000000   Number         0  dc.o ABSOLUTE
    os.c                                     0x00000000   Number         0  os.o ABSOLUTE
    osasm.s                                  0x00000000   Number         0  osasm.o ABSOLUTE
    random.s                                 0x00000000   Number         0  random.o ABSOLUTE
    startup.s                                0x00000000   Number         0  startup.o ABSOLUTE
    !!!main                                  0x00000284   Section        8  __main.o(!!!main)
    !!!scatter                               0x0000028c   Section       52  __scatter.o(!!!scatter)
    !!dczerorl                               0x000002c0   Section       58  __dczerorl.o(!!dczerorl)
    !!handler_zi                             0x000002fc   Section       28  __scatter_zi.o(!!handler_zi)
    .ARM.Collect$$libinit$$00000000          0x00000318   Section        2  libinit.o(.ARM.Collect$$libinit$$00000000)
    .ARM.Collect$$libinit$$00000002          0x0000031a   Section        0  libinit2.o(.ARM.Collect$$libinit$$00000002)
    .ARM.Collect$$libinit$$00000004          0x0000031a   Section        0  libinit2.o(.ARM.Collect$$libinit$$00000004)
    .ARM.Collect$$libinit$$0000000A          0x0000031a   Section        0  libinit2.o(.ARM.Collect$$libinit$$0000000A)
    .ARM.Collect$$libinit$$0000000C          0x0000031a   Section        0  libinit2.o(.ARM.Collect$$libinit$$0000000C)
    .ARM.Collect$$libinit$$0000000E          0x0000031a   Section        0  libinit2.o(.ARM.Collect$$libinit$$0000000E)
    .ARM.Collect$$libinit$$00000011          0x0000031a   Section        0  libinit2.o(.ARM.Collect$$libinit$$00000011)
    .ARM.Collect$$libinit$$00000013          0x0000031a   Section        0  libinit2.o(.ARM.Collect$$libinit$$00000013)
    .ARM.Collect$$libinit$$00000015          0x0000031a   Section        0  libinit2.o(.ARM.Collect$$libinit$$00000015)
    .ARM.Collect$$libinit$$00000017          0x0000031a   Section        0  libinit2.o(.ARM.Collect$$libinit$$00000017)
    .ARM.Collect$$libinit$$00000019          0x0000031a   Section        0  libinit2.o(.ARM.Collect$$libinit$$00000019)
    .ARM.Collect$$libinit$$0000001B          0x0000031a   Section        0  libinit2.o(.ARM.Collect$$libinit$$0000001B)
    .ARM.Collect$$libinit$$0000001D          0x0000031a   Section        0  libinit2.o(.ARM.Collect$$libinit$$0000001D)
    .ARM.Collect$$libinit$$0000001F          0x0000031a   Section        0  libinit2.o(.ARM.Collect$$libinit$$0000001F)
    .ARM.Collect$$libinit$$00000021          0x0000031a   Section        0  libinit2.o(.ARM.Collect$$libinit$$00000021)
    .ARM.Collect$$libinit$$00000023          0x0000031a   Section        0  libinit2.o(.ARM.Collect$$libinit$$00000023)
    .ARM.Collect$$libinit$$00000025          0x0000031a   Section        0  libinit2.o(.ARM.Collect$$libinit$$00000025)
    .ARM.Collect$$libinit$$0000002C          0x0000031a   Section        0  libinit2.o(.ARM.Collect$$libinit$$0000002C)
    .ARM.Collect$$libinit$$0000002E          0x0000031a   Section        0  libinit2.o(.ARM.Collect$$libinit$$0000002E)
    .ARM.Collect$$libinit$$00000030          0x0000031a   Section        0  libinit2.o(.ARM.Collect$$libinit$$00000030)
    .ARM.Collect$$libinit$$00000032          0x0000031a   Section        0  libinit2.o(.ARM.Collect$$libinit$$00000032)
    .ARM.Collect$$libinit$$00000033          0x0000031a   Section        2  libinit2.o(.ARM.Collect$$libinit$$00000033)
    .ARM.Collect$$libshutdown$$00000000      0x0000031c   Section        2  libshutdown.o(.ARM.Collect$$libshutdown$$00000000)
    .ARM.Collect$$libshutdown$$00000002      0x0000031e   Section        0  libshutdown2.o(.ARM.Collect$$libshutdown$$00000002)
    .ARM.Collect$$libshutdown$$00000004      0x0000031e   Section        0  libshutdown2.o(.ARM.Collect$$libshutdown$$00000004)
    .ARM.Collect$$libshutdown$$00000006      0x0000031e   Section        0  libshutdown2.o(.ARM.Collect$$libshutdown$$00000006)
    .ARM.Collect$$libshutdown$$00000009      0x0000031e   Section        0  libshutdown2.o(.ARM.Collect$$libshutdown$$00000009)
    .ARM.Collect$$libshutdown$$0000000C      0x0000031e   Section        0  libshutdown2.o(.ARM.Collect$$libshutdown$$0000000C)
    .ARM.Collect$$libshutdown$$0000000E      0x0000031e   Section        0  libshutdown2.o(.ARM.Collect$$libshutdown$$0000000E)
    .ARM.Collect$$libshutdown$$00000011      0x0000031e   Section        0  libshutdown2.o(.ARM.Collect$$libshutdown$$00000011)
    .ARM.Collect$$libshutdown$$00000012      0x0000031e   Section        2  libshutdown2.o(.ARM.Collect$$libshutdown$$00000012)
    .ARM.Collect$$rtentry$$00000000          0x00000320   Section        0  __rtentry.o(.ARM.Collect$$rtentry$$00000000)
    .ARM.Collect$$rtentry$$00000002          0x00000320   Section        0  __rtentry2.o(.ARM.Collect$$rtentry$$00000002)
    .ARM.Collect$$rtentry$$00000004          0x00000320   Section        6  __rtentry4.o(.ARM.Collect$$rtentry$$00000004)
    .ARM.Collect$$rtentry$$00000009          0x00000326   Section        0  __rtentry2.o(.ARM.Collect$$rtentry$$00000009)
    .ARM.Collect$$rtentry$$0000000A          0x00000326   Section        4  __rtentry2.o(.ARM.Collect$$rtentry$$0000000A)
    .ARM.Collect$$rtentry$$0000000C          0x0000032a   Section        0  __rtentry2.o(.ARM.Collect$$rtentry$$0000000C)
    .ARM.Collect$$rtentry$$0000000D          0x0000032a   Section        8  __rtentry2.o(.ARM.Collect$$rtentry$$0000000D)
    .ARM.Collect$$rtexit$$00000000           0x00000332   Section        2  rtexit.o(.ARM.Collect$$rtexit$$00000000)
    .ARM.Collect$$rtexit$$00000002           0x00000334   Section        0  rtexit2.o(.ARM.Collect$$rtexit$$00000002)
    .ARM.Collect$$rtexit$$00000003           0x00000334   Section        4  rtexit2.o(.ARM.Collect$$rtexit$$00000003)
    .ARM.Collect$$rtexit$$00000004           0x00000338   Section        6  rtexit2.o(.ARM.Collect$$rtexit$$00000004)
    .text                                    0x00000340   Section       48  startup.o(.text)
    .text                                    0x00000370   Section       60  random.o(.text)
    .text                                    0x000003ac   Section       92  osasm.o(.text)
    .text                                    0x00000408   Section        0  heapauxi.o(.text)
    .text                                    0x0000040e   Section       74  sys_stackheap_outer.o(.text)
    .text                                    0x00000458   Section        0  exit.o(.text)
    .text                                    0x0000046c   Section        8  libspace.o(.text)
    .text                                    0x00000474   Section        0  sys_exit.o(.text)
    .text                                    0x00000480   Section        2  use_no_semi.o(.text)
    .text                                    0x00000482   Section        0  indicate_semi.o(.text)
    i.ADC0_In                                0x00000484   Section        0  adc.o(i.ADC0_In)
    i.ADC0_Init                              0x000004b0   Section        0  adc.o(i.ADC0_Init)
    i.ADC1_In                                0x00000584   Section        0  texas.o(i.ADC1_In)
    i.BSP_Clock_GetFreq                      0x00000590   Section        0  bsp.o(i.BSP_Clock_GetFreq)
    i.BSP_Clock_InitFastest                  0x0000059c   Section        0  bsp.o(i.BSP_Clock_InitFastest)
    i.BSP_PeriodicTask_Init                  0x00000628   Section        0  bsp.o(i.BSP_PeriodicTask_Init)
    i.BSP_PeriodicTask_InitB                 0x000006e8   Section        0  bsp.o(i.BSP_PeriodicTask_InitB)
    i.Convert                                0x000007a4   Section        0  spaceinvaders.o(i.Convert)
    i.DAC_Init                               0x000007e4   Section        0  dac.o(i.DAC_Init)
    i.DAC_Out                                0x00000860   Section        0  dac.o(i.DAC_Out)
    i.Delay1ms                               0x0000086c   Section        0  st7735.o(i.Delay1ms)
    i.Draw                                   0x0000088c   Section        0  spaceinvaders.o(i.Draw)
    i.GPIOPortE_Handler                      0x00000994   Section        0  os.o(i.GPIOPortE_Handler)
    i.Init                                   0x000009f4   Section        0  spaceinvaders.o(i.Init)
    i.Move                                   0x00000a48   Section        0  spaceinvaders.o(i.Move)
    i.OS_AddThread                           0x00000a68   Section        0  os.o(i.OS_AddThread)
    i.OS_EdgeTrigger_Init                    0x00000bc0   Section        0  os.o(i.OS_EdgeTrigger_Init)
    i.OS_EdgeTrigger_Restart                 0x00000cb4   Section        0  os.o(i.OS_EdgeTrigger_Restart)
    i.OS_Init                                0x00000cd0   Section        0  os.o(i.OS_Init)
    i.OS_InitSemaphore                       0x00000d00   Section        0  os.o(i.OS_InitSemaphore)
    i.OS_Launch                              0x00000d04   Section        0  os.o(i.OS_Launch)
    i.OS_PeriodTrigger0_Init                 0x00000d38   Section        0  os.o(i.OS_PeriodTrigger0_Init)
    i.OS_PeriodTrigger1_Init                 0x00000d60   Section        0  os.o(i.OS_PeriodTrigger1_Init)
    i.OS_Signal                              0x00000d88   Section        0  os.o(i.OS_Signal)
    i.OS_Sleep                               0x00000dbc   Section        0  os.o(i.OS_Sleep)
    i.OS_Suspend                             0x00000dd0   Section        0  os.o(i.OS_Suspend)
    i.OS_Wait                                0x00000de8   Section        0  os.o(i.OS_Wait)
    i.Output_Init                            0x00000e14   Section        0  st7735.o(i.Output_Init)
    i.RealTimeEvents                         0x00000e24   Section        0  os.o(i.RealTimeEvents)
    i.ST7735_DrawBitmap                      0x00000e90   Section        0  st7735.o(i.ST7735_DrawBitmap)
    i.ST7735_DrawCharS                       0x00000fb0   Section        0  st7735.o(i.ST7735_DrawCharS)
    i.ST7735_DrawPixel                       0x000010a8   Section        0  st7735.o(i.ST7735_DrawPixel)
    i.ST7735_DrawString                      0x000010f0   Section        0  st7735.o(i.ST7735_DrawString)
    i.ST7735_FillRect                        0x00001148   Section        0  st7735.o(i.ST7735_FillRect)
    i.ST7735_FillScreen                      0x000011f4   Section        0  st7735.o(i.ST7735_FillScreen)
    i.ST7735_InitR                           0x00001218   Section        0  st7735.o(i.ST7735_InitR)
    i.ST7735_OutChar                         0x00001294   Section        0  st7735.o(i.ST7735_OutChar)
    i.ST7735_OutString                       0x00001368   Section        0  st7735.o(i.ST7735_OutString)
    i.ST7735_OutUDec                         0x00001380   Section        0  st7735.o(i.ST7735_OutUDec)
    i.ST7735_SetCursor                       0x0000140c   Section        0  st7735.o(i.ST7735_SetCursor)
    i.Scheduler                              0x0000142c   Section        0  os.o(i.Scheduler)
    i.Sound_Init                             0x0000145c   Section        0  sound.o(i.Sound_Init)
    i.Sound_Killed                           0x00001478   Section        0  sound.o(i.Sound_Killed)
    i.Sound_Out                              0x0000148c   Section        0  sound.o(i.Sound_Out)
    i.Sound_Play                             0x000014a8   Section        0  sound.o(i.Sound_Play)
    i.Sound_Shoot                            0x000014ec   Section        0  sound.o(i.Sound_Shoot)
    i.Task0                                  0x00001500   Section        0  spaceinvaders.o(i.Task0)
    i.Task1                                  0x00001560   Section        0  spaceinvaders.o(i.Task1)
    i.Task2                                  0x00001650   Section        0  spaceinvaders.o(i.Task2)
    i.Task3                                  0x00001670   Section        0  spaceinvaders.o(i.Task3)
    i.Task7                                  0x000016b8   Section        0  spaceinvaders.o(i.Task7)
    i.Timer4A_Handler                        0x000016d4   Section        0  texas.o(i.Timer4A_Handler)
    i.Timer5A_Handler                        0x000016f4   Section        0  texas.o(i.Timer5A_Handler)
    i.WideTimer3A_Handler                    0x00001724   Section        0  bsp.o(i.WideTimer3A_Handler)
    i.WideTimer4A_Handler                    0x0000173c   Section        0  bsp.o(i.WideTimer4A_Handler)
    i.WideTimer5A_Handler                    0x00001754   Section        0  bsp.o(i.WideTimer5A_Handler)
    i.checkEnemies                           0x0000176c   Section        0  spaceinvaders.o(i.checkEnemies)
    i.commandList                            0x000017a4   Section        0  st7735.o(i.commandList)
    commandList                              0x000017a5   Thumb Code    86  st7735.o(i.commandList)
    i.commonInit                             0x000017fc   Section        0  st7735.o(i.commonInit)
    commonInit                               0x000017fd   Thumb Code   342  st7735.o(i.commonInit)
    i.enemy_move                             0x00001984   Section        0  spaceinvaders.o(i.enemy_move)
    i.enemylaser                             0x00001a2c   Section        0  spaceinvaders.o(i.enemylaser)
    i.fillmessage                            0x00001a90   Section        0  st7735.o(i.fillmessage)
    i.lasermove                              0x00001ad8   Section        0  spaceinvaders.o(i.lasermove)
    i.laserplayercollision                   0x00001af8   Section        0  spaceinvaders.o(i.laserplayercollision)
    i.main                                   0x00001b3c   Section        0  spaceinvaders.o(i.main)
    i.missleCollision                        0x00001bd8   Section        0  spaceinvaders.o(i.missleCollision)
    i.missle_draw                            0x00001c58   Section        0  spaceinvaders.o(i.missle_draw)
    i.new_Laser                              0x00001cc4   Section        0  spaceinvaders.o(i.new_Laser)
    i.new_Missle                             0x00001d1c   Section        0  spaceinvaders.o(i.new_Missle)
    i.player_Init                            0x00001d50   Section        0  spaceinvaders.o(i.player_Init)
    i.pushColor                              0x00001d70   Section        0  st7735.o(i.pushColor)
    pushColor                                0x00001d71   Thumb Code    18  st7735.o(i.pushColor)
    i.runperiodicevents                      0x00001d84   Section        0  os.o(i.runperiodicevents)
    runperiodicevents                        0x00001d85   Thumb Code    50  os.o(i.runperiodicevents)
    i.setAddrWindow                          0x00001dbc   Section        0  st7735.o(i.setAddrWindow)
    setAddrWindow                            0x00001dbd   Thumb Code   106  st7735.o(i.setAddrWindow)
    i.writecommand                           0x00001e30   Section        0  st7735.o(i.writecommand)
    writecommand                             0x00001e31   Thumb Code    46  st7735.o(i.writecommand)
    i.writedata                              0x00001e68   Section        0  st7735.o(i.writedata)
    writedata                                0x00001e69   Thumb Code    26  st7735.o(i.writedata)
    x$fpl$dfixu                              0x00001e8c   Section       90  dfixu.o(x$fpl$dfixu)
    x$fpl$dfltu                              0x00001ee6   Section       38  dflt_clz.o(x$fpl$dfltu)
    x$fpl$dmul                               0x00001f0c   Section      340  dmul.o(x$fpl$dmul)
    x$fpl$dnaninf                            0x00002060   Section      156  dnaninf.o(x$fpl$dnaninf)
    x$fpl$dretinf                            0x000020fc   Section       12  dretinf.o(x$fpl$dretinf)
    .constdata                               0x00002108   Section     3360  spaceinvaders.o(.constdata)
    x$fpl$usenofp                            0x00002108   Section        0  usenofp.o(x$fpl$usenofp)
    .constdata                               0x00002e28   Section     2114  st7735.o(.constdata)
    Font                                     0x00002e28   Data        1275  st7735.o(.constdata)
    Bcmd                                     0x00003323   Data         103  st7735.o(.constdata)
    Rcmd1                                    0x0000338a   Data          59  st7735.o(.constdata)
    Rcmd2green                               0x000033c5   Data          13  st7735.o(.constdata)
    Rcmd2red                                 0x000033d2   Data          13  st7735.o(.constdata)
    Rcmd3                                    0x000033df   Data          43  st7735.o(.constdata)
    .constdata                               0x0000366a   Section    15435  sound.o(.constdata)
    .data                                    0x20000000   Section       88  spaceinvaders.o(.data)
    .data                                    0x20000058   Section       52  texas.o(.data)
    .data                                    0x2000008c   Section       44  st7735.o(.data)
    ColStart                                 0x20000096   Data           1  st7735.o(.data)
    RowStart                                 0x20000097   Data           1  st7735.o(.data)
    Rotation                                 0x20000098   Data           1  st7735.o(.data)
    TabColor                                 0x20000099   Data           1  st7735.o(.data)
    _width                                   0x2000009a   Data           2  st7735.o(.data)
    _height                                  0x2000009c   Data           2  st7735.o(.data)
    .data                                    0x200000b8   Section       12  sound.o(.data)
    .data                                    0x200000c4   Section       68  os.o(.data)
    ThreadId                                 0x200000cc   Data           4  os.o(.data)
    realCount                                0x20000104   Data           4  os.o(.data)
    .data                                    0x20000108   Section       68  bsp.o(.data)
    ClockFrequency                           0x20000108   Data           4  bsp.o(.data)
    PWMCycles                                0x2000010c   Data           2  bsp.o(.data)
    ColStart                                 0x2000011a   Data           1  bsp.o(.data)
    RowStart                                 0x2000011b   Data           1  bsp.o(.data)
    _width                                   0x2000011c   Data           2  bsp.o(.data)
    _height                                  0x2000011e   Data           2  bsp.o(.data)
    DATA                                     0x2000014c   Section        4  random.o(DATA)
    M                                        0x2000014c   Data           4  random.o(DATA)
    .bss                                     0x20000150   Section      140  spaceinvaders.o(.bss)
    .bss                                     0x200001dc   Section       12  st7735.o(.bss)
    .bss                                     0x200001e8   Section     8520  os.o(.bss)
    .bss                                     0x20002330   Section       96  libspace.o(.bss)
    HEAP                                     0x20002390   Section        0  startup.o(HEAP)
    STACK                                    0x20002390   Section     1024  startup.o(STACK)
    HeapMem                                  0x20002390   Data           0  startup.o(HEAP)
    StackMem                                 0x20002390   Data           0  startup.o(STACK)

    Global Symbols

    Symbol Name                              Value     Ov Type        Size  Object(Section)

    BuildAttributes$$THM_ISAv4$E$P$D$K$B$S$7EM$PE$A:L22UL41UL21$X:L11$S22US41US21$IEEE1$IW$USESV6$~STKCKD$USESV7$~SHL$OSPACE$ROPI$EBA8$UX$STANDARDLIB$REQ8$PRES8$EABIv2 0x00000000   Number         0  anon$$obj.o ABSOLUTE
    __ARM_use_no_argv                        0x00000000   Number         0  spaceinvaders.o ABSOLUTE
    __Vectors                                0x00000000   Data           0  startup.o(RESET)
    __ARM_exceptions_init                     - Undefined Weak Reference
    __alloca_initialize                       - Undefined Weak Reference
    __arm_fini_                               - Undefined Weak Reference
    __arm_preinit_                            - Undefined Weak Reference
    __cpp_initialize__aeabi_                  - Undefined Weak Reference
    __cxa_finalize                            - Undefined Weak Reference
    __rt_locale                               - Undefined Weak Reference
    __sigvec_lookup                           - Undefined Weak Reference
    _atexit_init                              - Undefined Weak Reference
    _call_atexit_fns                          - Undefined Weak Reference
    _clock_init                               - Undefined Weak Reference
    _fp_trap_init                             - Undefined Weak Reference
    _fp_trap_shutdown                         - Undefined Weak Reference
    _get_lc_collate                           - Undefined Weak Reference
    _get_lc_ctype                             - Undefined Weak Reference
    _get_lc_monetary                          - Undefined Weak Reference
    _get_lc_numeric                           - Undefined Weak Reference
    _get_lc_time                              - Undefined Weak Reference
    _getenv_init                              - Undefined Weak Reference
    _handle_redirection                       - Undefined Weak Reference
    _init_alloc                               - Undefined Weak Reference
    _init_user_alloc                          - Undefined Weak Reference
    _initio                                   - Undefined Weak Reference
    _rand_init                                - Undefined Weak Reference
    _signal_finish                            - Undefined Weak Reference
    _signal_init                              - Undefined Weak Reference
    _terminate_alloc                          - Undefined Weak Reference
    _terminate_user_alloc                     - Undefined Weak Reference
    _terminateio                              - Undefined Weak Reference
    Reset_Handler                            0x0000026d   Thumb Code     0  startup.o(RESET)
    NMI_Handler                              0x00000271   Thumb Code     2  startup.o(RESET)
    HardFault_Handler                        0x00000273   Thumb Code     2  startup.o(RESET)
    MemManage_Handler                        0x00000275   Thumb Code     2  startup.o(RESET)
    BusFault_Handler                         0x00000277   Thumb Code     2  startup.o(RESET)
    UsageFault_Handler                       0x00000279   Thumb Code     2  startup.o(RESET)
    SVC_Handler                              0x0000027b   Thumb Code     2  startup.o(RESET)
    DebugMon_Handler                         0x0000027d   Thumb Code     2  startup.o(RESET)
    ADC0Seq0_Handler                         0x00000283   Thumb Code     0  startup.o(RESET)
    ADC0Seq1_Handler                         0x00000283   Thumb Code     0  startup.o(RESET)
    ADC0Seq2_Handler                         0x00000283   Thumb Code     0  startup.o(RESET)
    ADC0Seq3_Handler                         0x00000283   Thumb Code     0  startup.o(RESET)
    ADC1Seq0_Handler                         0x00000283   Thumb Code     0  startup.o(RESET)
    ADC1Seq1_Handler                         0x00000283   Thumb Code     0  startup.o(RESET)
    ADC1Seq2_Handler                         0x00000283   Thumb Code     0  startup.o(RESET)
    ADC1Seq3_Handler                         0x00000283   Thumb Code     0  startup.o(RESET)
    CAN0_Handler                             0x00000283   Thumb Code     0  startup.o(RESET)
    CAN1_Handler                             0x00000283   Thumb Code     0  startup.o(RESET)
    CAN2_Handler                             0x00000283   Thumb Code     0  startup.o(RESET)
    Comp0_Handler                            0x00000283   Thumb Code     0  startup.o(RESET)
    Comp1_Handler                            0x00000283   Thumb Code     0  startup.o(RESET)
    Comp2_Handler                            0x00000283   Thumb Code     0  startup.o(RESET)
    Ethernet_Handler                         0x00000283   Thumb Code     0  startup.o(RESET)
    ExtBus_Handler                           0x00000283   Thumb Code     0  startup.o(RESET)
    FPU_Handler                              0x00000283   Thumb Code     0  startup.o(RESET)
    Fan0_Handler                             0x00000283   Thumb Code     0  startup.o(RESET)
    FlashCtl_Handler                         0x00000283   Thumb Code     0  startup.o(RESET)
    GPIOPortA_Handler                        0x00000283   Thumb Code     0  startup.o(RESET)
    GPIOPortB_Handler                        0x00000283   Thumb Code     0  startup.o(RESET)
    GPIOPortC_Handler                        0x00000283   Thumb Code     0  startup.o(RESET)
    GPIOPortD_Handler                        0x00000283   Thumb Code     0  startup.o(RESET)
    GPIOPortF_Handler                        0x00000283   Thumb Code     0  startup.o(RESET)
    GPIOPortG_Handler                        0x00000283   Thumb Code     0  startup.o(RESET)
    GPIOPortH_Handler                        0x00000283   Thumb Code     0  startup.o(RESET)
    GPIOPortJ_Handler                        0x00000283   Thumb Code     0  startup.o(RESET)
    GPIOPortK_Handler                        0x00000283   Thumb Code     0  startup.o(RESET)
    GPIOPortL_Handler                        0x00000283   Thumb Code     0  startup.o(RESET)
    GPIOPortM_Handler                        0x00000283   Thumb Code     0  startup.o(RESET)
    GPIOPortN_Handler                        0x00000283   Thumb Code     0  startup.o(RESET)
    GPIOPortP1_Handler                       0x00000283   Thumb Code     0  startup.o(RESET)
    GPIOPortP2_Handler                       0x00000283   Thumb Code     0  startup.o(RESET)
    GPIOPortP3_Handler                       0x00000283   Thumb Code     0  startup.o(RESET)
    GPIOPortP4_Handler                       0x00000283   Thumb Code     0  startup.o(RESET)
    GPIOPortP5_Handler                       0x00000283   Thumb Code     0  startup.o(RESET)
    GPIOPortP6_Handler                       0x00000283   Thumb Code     0  startup.o(RESET)
    GPIOPortP7_Handler                       0x00000283   Thumb Code     0  startup.o(RESET)
    GPIOPortP_Handler                        0x00000283   Thumb Code     0  startup.o(RESET)
    GPIOPortQ1_Handler                       0x00000283   Thumb Code     0  startup.o(RESET)
    GPIOPortQ2_Handler                       0x00000283   Thumb Code     0  startup.o(RESET)
    GPIOPortQ3_Handler                       0x00000283   Thumb Code     0  startup.o(RESET)
    GPIOPortQ4_Handler                       0x00000283   Thumb Code     0  startup.o(RESET)
    GPIOPortQ5_Handler                       0x00000283   Thumb Code     0  startup.o(RESET)
    GPIOPortQ6_Handler                       0x00000283   Thumb Code     0  startup.o(RESET)
    GPIOPortQ7_Handler                       0x00000283   Thumb Code     0  startup.o(RESET)
    GPIOPortQ_Handler                        0x00000283   Thumb Code     0  startup.o(RESET)
    GPIOPortR_Handler                        0x00000283   Thumb Code     0  startup.o(RESET)
    GPIOPortS_Handler                        0x00000283   Thumb Code     0  startup.o(RESET)
    Hibernate_Handler                        0x00000283   Thumb Code     0  startup.o(RESET)
    I2C0_Handler                             0x00000283   Thumb Code     0  startup.o(RESET)
    I2C1_Handler                             0x00000283   Thumb Code     0  startup.o(RESET)
    I2C2_Handler                             0x00000283   Thumb Code     0  startup.o(RESET)
    I2C3_Handler                             0x00000283   Thumb Code     0  startup.o(RESET)
    I2C4_Handler                             0x00000283   Thumb Code     0  startup.o(RESET)
    I2C5_Handler                             0x00000283   Thumb Code     0  startup.o(RESET)
    I2S0_Handler                             0x00000283   Thumb Code     0  startup.o(RESET)
    LPC0_Handler                             0x00000283   Thumb Code     0  startup.o(RESET)
    PECI0_Handler                            0x00000283   Thumb Code     0  startup.o(RESET)
    PWM0Fault_Handler                        0x00000283   Thumb Code     0  startup.o(RESET)
    PWM0Generator0_Handler                   0x00000283   Thumb Code     0  startup.o(RESET)
    PWM0Generator1_Handler                   0x00000283   Thumb Code     0  startup.o(RESET)
    PWM0Generator2_Handler                   0x00000283   Thumb Code     0  startup.o(RESET)
    PWM0Generator3_Handler                   0x00000283   Thumb Code     0  startup.o(RESET)
    PWM1Fault_Handler                        0x00000283   Thumb Code     0  startup.o(RESET)
    PWM1Generator0_Handler                   0x00000283   Thumb Code     0  startup.o(RESET)
    PWM1Generator1_Handler                   0x00000283   Thumb Code     0  startup.o(RESET)
    PWM1Generator2_Handler                   0x00000283   Thumb Code     0  startup.o(RESET)
    PWM1Generator3_Handler                   0x00000283   Thumb Code     0  startup.o(RESET)
    Quadrature0_Handler                      0x00000283   Thumb Code     0  startup.o(RESET)
    Quadrature1_Handler                      0x00000283   Thumb Code     0  startup.o(RESET)
    Quadrature2_Handler                      0x00000283   Thumb Code     0  startup.o(RESET)
    SSI0_Handler                             0x00000283   Thumb Code     0  startup.o(RESET)
    SSI1_Handler                             0x00000283   Thumb Code     0  startup.o(RESET)
    SSI2_Handler                             0x00000283   Thumb Code     0  startup.o(RESET)
    SSI3_Handler                             0x00000283   Thumb Code     0  startup.o(RESET)
    SysCtl_Handler                           0x00000283   Thumb Code     0  startup.o(RESET)
    Timer0A_Handler                          0x00000283   Thumb Code     0  startup.o(RESET)
    Timer0B_Handler                          0x00000283   Thumb Code     0  startup.o(RESET)
    Timer1A_Handler                          0x00000283   Thumb Code     0  startup.o(RESET)
    Timer1B_Handler                          0x00000283   Thumb Code     0  startup.o(RESET)
    Timer2A_Handler                          0x00000283   Thumb Code     0  startup.o(RESET)
    Timer2B_Handler                          0x00000283   Thumb Code     0  startup.o(RESET)
    Timer3A_Handler                          0x00000283   Thumb Code     0  startup.o(RESET)
    Timer3B_Handler                          0x00000283   Thumb Code     0  startup.o(RESET)
    Timer4B_Handler                          0x00000283   Thumb Code     0  startup.o(RESET)
    Timer5B_Handler                          0x00000283   Thumb Code     0  startup.o(RESET)
    UART0_Handler                            0x00000283   Thumb Code     0  startup.o(RESET)
    UART1_Handler                            0x00000283   Thumb Code     0  startup.o(RESET)
    UART2_Handler                            0x00000283   Thumb Code     0  startup.o(RESET)
    UART3_Handler                            0x00000283   Thumb Code     0  startup.o(RESET)
    UART4_Handler                            0x00000283   Thumb Code     0  startup.o(RESET)
    UART5_Handler                            0x00000283   Thumb Code     0  startup.o(RESET)
    UART6_Handler                            0x00000283   Thumb Code     0  startup.o(RESET)
    UART7_Handler                            0x00000283   Thumb Code     0  startup.o(RESET)
    USB0_Handler                             0x00000283   Thumb Code     0  startup.o(RESET)
    WDT_Handler                              0x00000283   Thumb Code     0  startup.o(RESET)
    WideTimer0A_Handler                      0x00000283   Thumb Code     0  startup.o(RESET)
    WideTimer0B_Handler                      0x00000283   Thumb Code     0  startup.o(RESET)
    WideTimer1A_Handler                      0x00000283   Thumb Code     0  startup.o(RESET)
    WideTimer1B_Handler                      0x00000283   Thumb Code     0  startup.o(RESET)
    WideTimer2A_Handler                      0x00000283   Thumb Code     0  startup.o(RESET)
    WideTimer2B_Handler                      0x00000283   Thumb Code     0  startup.o(RESET)
    WideTimer3B_Handler                      0x00000283   Thumb Code     0  startup.o(RESET)
    WideTimer4B_Handler                      0x00000283   Thumb Code     0  startup.o(RESET)
    WideTimer5B_Handler                      0x00000283   Thumb Code     0  startup.o(RESET)
    uDMA_Error                               0x00000283   Thumb Code     0  startup.o(RESET)
    uDMA_Handler                             0x00000283   Thumb Code     0  startup.o(RESET)
    __main                                   0x00000285   Thumb Code     8  __main.o(!!!main)
    __scatterload                            0x0000028d   Thumb Code     0  __scatter.o(!!!scatter)
    __scatterload_rt2                        0x0000028d   Thumb Code    44  __scatter.o(!!!scatter)
    __scatterload_rt2_thumb_only             0x0000028d   Thumb Code     0  __scatter.o(!!!scatter)
    __scatterload_null                       0x0000029b   Thumb Code     0  __scatter.o(!!!scatter)
    __decompress                             0x000002c1   Thumb Code    58  __dczerorl.o(!!dczerorl)
    __decompress0                            0x000002c1   Thumb Code     0  __dczerorl.o(!!dczerorl)
    __scatterload_zeroinit                   0x000002fd   Thumb Code    28  __scatter_zi.o(!!handler_zi)
    __rt_lib_init                            0x00000319   Thumb Code     0  libinit.o(.ARM.Collect$$libinit$$00000000)
    __rt_lib_init_alloca_1                   0x0000031b   Thumb Code     0  libinit2.o(.ARM.Collect$$libinit$$0000002E)
    __rt_lib_init_argv_1                     0x0000031b   Thumb Code     0  libinit2.o(.ARM.Collect$$libinit$$0000002C)
    __rt_lib_init_atexit_1                   0x0000031b   Thumb Code     0  libinit2.o(.ARM.Collect$$libinit$$0000001B)
    __rt_lib_init_clock_1                    0x0000031b   Thumb Code     0  libinit2.o(.ARM.Collect$$libinit$$00000021)
    __rt_lib_init_cpp_1                      0x0000031b   Thumb Code     0  libinit2.o(.ARM.Collect$$libinit$$00000032)
    __rt_lib_init_exceptions_1               0x0000031b   Thumb Code     0  libinit2.o(.ARM.Collect$$libinit$$00000030)
    __rt_lib_init_fp_1                       0x0000031b   Thumb Code     0  libinit2.o(.ARM.Collect$$libinit$$00000002)
    __rt_lib_init_fp_trap_1                  0x0000031b   Thumb Code     0  libinit2.o(.ARM.Collect$$libinit$$0000001F)
    __rt_lib_init_getenv_1                   0x0000031b   Thumb Code     0  libinit2.o(.ARM.Collect$$libinit$$00000023)
    __rt_lib_init_heap_1                     0x0000031b   Thumb Code     0  libinit2.o(.ARM.Collect$$libinit$$0000000A)
    __rt_lib_init_lc_collate_1               0x0000031b   Thumb Code     0  libinit2.o(.ARM.Collect$$libinit$$00000011)
    __rt_lib_init_lc_ctype_1                 0x0000031b   Thumb Code     0  libinit2.o(.ARM.Collect$$libinit$$00000013)
    __rt_lib_init_lc_monetary_1              0x0000031b   Thumb Code     0  libinit2.o(.ARM.Collect$$libinit$$00000015)
    __rt_lib_init_lc_numeric_1               0x0000031b   Thumb Code     0  libinit2.o(.ARM.Collect$$libinit$$00000017)
    __rt_lib_init_lc_time_1                  0x0000031b   Thumb Code     0  libinit2.o(.ARM.Collect$$libinit$$00000019)
    __rt_lib_init_preinit_1                  0x0000031b   Thumb Code     0  libinit2.o(.ARM.Collect$$libinit$$00000004)
    __rt_lib_init_rand_1                     0x0000031b   Thumb Code     0  libinit2.o(.ARM.Collect$$libinit$$0000000E)
    __rt_lib_init_return                     0x0000031b   Thumb Code     0  libinit2.o(.ARM.Collect$$libinit$$00000033)
    __rt_lib_init_signal_1                   0x0000031b   Thumb Code     0  libinit2.o(.ARM.Collect$$libinit$$0000001D)
    __rt_lib_init_stdio_1                    0x0000031b   Thumb Code     0  libinit2.o(.ARM.Collect$$libinit$$00000025)
    __rt_lib_init_user_alloc_1               0x0000031b   Thumb Code     0  libinit2.o(.ARM.Collect$$libinit$$0000000C)
    __rt_lib_shutdown                        0x0000031d   Thumb Code     0  libshutdown.o(.ARM.Collect$$libshutdown$$00000000)
    __rt_lib_shutdown_cpp_1                  0x0000031f   Thumb Code     0  libshutdown2.o(.ARM.Collect$$libshutdown$$00000004)
    __rt_lib_shutdown_fini_1                 0x0000031f   Thumb Code     0  libshutdown2.o(.ARM.Collect$$libshutdown$$00000002)
    __rt_lib_shutdown_fp_trap_1              0x0000031f   Thumb Code     0  libshutdown2.o(.ARM.Collect$$libshutdown$$00000009)
    __rt_lib_shutdown_heap_1                 0x0000031f   Thumb Code     0  libshutdown2.o(.ARM.Collect$$libshutdown$$00000011)
    __rt_lib_shutdown_return                 0x0000031f   Thumb Code     0  libshutdown2.o(.ARM.Collect$$libshutdown$$00000012)
    __rt_lib_shutdown_signal_1               0x0000031f   Thumb Code     0  libshutdown2.o(.ARM.Collect$$libshutdown$$0000000C)
    __rt_lib_shutdown_stdio_1                0x0000031f   Thumb Code     0  libshutdown2.o(.ARM.Collect$$libshutdown$$00000006)
    __rt_lib_shutdown_user_alloc_1           0x0000031f   Thumb Code     0  libshutdown2.o(.ARM.Collect$$libshutdown$$0000000E)
    __rt_entry                               0x00000321   Thumb Code     0  __rtentry.o(.ARM.Collect$$rtentry$$00000000)
    __rt_entry_presh_1                       0x00000321   Thumb Code     0  __rtentry2.o(.ARM.Collect$$rtentry$$00000002)
    __rt_entry_sh                            0x00000321   Thumb Code     0  __rtentry4.o(.ARM.Collect$$rtentry$$00000004)
    __rt_entry_li                            0x00000327   Thumb Code     0  __rtentry2.o(.ARM.Collect$$rtentry$$0000000A)
    __rt_entry_postsh_1                      0x00000327   Thumb Code     0  __rtentry2.o(.ARM.Collect$$rtentry$$00000009)
    __rt_entry_main                          0x0000032b   Thumb Code     0  __rtentry2.o(.ARM.Collect$$rtentry$$0000000D)
    __rt_entry_postli_1                      0x0000032b   Thumb Code     0  __rtentry2.o(.ARM.Collect$$rtentry$$0000000C)
    __rt_exit                                0x00000333   Thumb Code     0  rtexit.o(.ARM.Collect$$rtexit$$00000000)
    __rt_exit_ls                             0x00000335   Thumb Code     0  rtexit2.o(.ARM.Collect$$rtexit$$00000003)
    __rt_exit_prels_1                        0x00000335   Thumb Code     0  rtexit2.o(.ARM.Collect$$rtexit$$00000002)
    __rt_exit_exit                           0x00000339   Thumb Code     0  rtexit2.o(.ARM.Collect$$rtexit$$00000004)
    DisableInterrupts                        0x00000341   Thumb Code     0  startup.o(.text)
    EnableInterrupts                         0x00000345   Thumb Code     0  startup.o(.text)
    StartCritical                            0x00000349   Thumb Code     0  startup.o(.text)
    EndCritical                              0x00000351   Thumb Code     0  startup.o(.text)
    WaitForInterrupt                         0x00000357   Thumb Code     0  startup.o(.text)
    __user_initial_stackheap                 0x0000035b   Thumb Code     0  startup.o(.text)
    Random_Init                              0x00000371   Thumb Code     0  random.o(.text)
    Random32                                 0x00000377   Thumb Code     2  random.o(.text)
    Random                                   0x00000389   Thumb Code     2  random.o(.text)
    SysTick_Handler                          0x000003ad   Thumb Code     0  osasm.o(.text)
    StartOS                                  0x000003d3   Thumb Code     0  osasm.o(.text)
    PendSV_Handler                           0x000003f1   Thumb Code     0  osasm.o(.text)
    __use_two_region_memory                  0x00000409   Thumb Code     2  heapauxi.o(.text)
    __rt_heap_escrow$2region                 0x0000040b   Thumb Code     2  heapauxi.o(.text)
    __rt_heap_expand$2region                 0x0000040d   Thumb Code     2  heapauxi.o(.text)
    __user_setup_stackheap                   0x0000040f   Thumb Code    74  sys_stackheap_outer.o(.text)
    exit                                     0x00000459   Thumb Code    18  exit.o(.text)
    __user_libspace                          0x0000046d   Thumb Code     8  libspace.o(.text)
    __user_perproc_libspace                  0x0000046d   Thumb Code     0  libspace.o(.text)
    __user_perthread_libspace                0x0000046d   Thumb Code     0  libspace.o(.text)
    _sys_exit                                0x00000475   Thumb Code     8  sys_exit.o(.text)
    __I$use$semihosting                      0x00000481   Thumb Code     0  use_no_semi.o(.text)
    __use_no_semihosting_swi                 0x00000481   Thumb Code     2  use_no_semi.o(.text)
    __semihosting_library_function           0x00000483   Thumb Code     0  indicate_semi.o(.text)
    ADC0_In                                  0x00000485   Thumb Code    38  adc.o(i.ADC0_In)
    ADC0_Init                                0x000004b1   Thumb Code   192  adc.o(i.ADC0_Init)
    ADC1_In                                  0x00000585   Thumb Code     6  texas.o(i.ADC1_In)
    BSP_Clock_GetFreq                        0x00000591   Thumb Code     6  bsp.o(i.BSP_Clock_GetFreq)
    BSP_Clock_InitFastest                    0x0000059d   Thumb Code   126  bsp.o(i.BSP_Clock_InitFastest)
    BSP_PeriodicTask_Init                    0x00000629   Thumb Code   162  bsp.o(i.BSP_PeriodicTask_Init)
    BSP_PeriodicTask_InitB                   0x000006e9   Thumb Code   160  bsp.o(i.BSP_PeriodicTask_InitB)
    Convert                                  0x000007a5   Thumb Code    52  spaceinvaders.o(i.Convert)
    DAC_Init                                 0x000007e5   Thumb Code   108  dac.o(i.DAC_Init)
    DAC_Out                                  0x00000861   Thumb Code     6  dac.o(i.DAC_Out)
    Delay1ms                                 0x0000086d   Thumb Code    32  st7735.o(i.Delay1ms)
    Draw                                     0x0000088d   Thumb Code   246  spaceinvaders.o(i.Draw)
    GPIOPortE_Handler                        0x00000995   Thumb Code    88  os.o(i.GPIOPortE_Handler)
    Init                                     0x000009f5   Thumb Code    76  spaceinvaders.o(i.Init)
    Move                                     0x00000a49   Thumb Code    28  spaceinvaders.o(i.Move)
    OS_AddThread                             0x00000a69   Thumb Code   322  os.o(i.OS_AddThread)
    OS_EdgeTrigger_Init                      0x00000bc1   Thumb Code   216  os.o(i.OS_EdgeTrigger_Init)
    OS_EdgeTrigger_Restart                   0x00000cb5   Thumb Code    22  os.o(i.OS_EdgeTrigger_Restart)
    OS_Init                                  0x00000cd1   Thumb Code    34  os.o(i.OS_Init)
    OS_InitSemaphore                         0x00000d01   Thumb Code     4  os.o(i.OS_InitSemaphore)
    OS_Launch                                0x00000d05   Thumb Code    46  os.o(i.OS_Launch)
    OS_PeriodTrigger0_Init                   0x00000d39   Thumb Code    28  os.o(i.OS_PeriodTrigger0_Init)
    OS_PeriodTrigger1_Init                   0x00000d61   Thumb Code    28  os.o(i.OS_PeriodTrigger1_Init)
    OS_Signal                                0x00000d89   Thumb Code    46  os.o(i.OS_Signal)
    OS_Sleep                                 0x00000dbd   Thumb Code    16  os.o(i.OS_Sleep)
    OS_Suspend                               0x00000dd1   Thumb Code    18  os.o(i.OS_Suspend)
    OS_Wait                                  0x00000de9   Thumb Code    40  os.o(i.OS_Wait)
    Output_Init                              0x00000e15   Thumb Code    16  st7735.o(i.Output_Init)
    RealTimeEvents                           0x00000e25   Thumb Code    86  os.o(i.RealTimeEvents)
    ST7735_DrawBitmap                        0x00000e91   Thumb Code   280  st7735.o(i.ST7735_DrawBitmap)
    ST7735_DrawCharS                         0x00000fb1   Thumb Code   236  st7735.o(i.ST7735_DrawCharS)
    ST7735_DrawPixel                         0x000010a9   Thumb Code    64  st7735.o(i.ST7735_DrawPixel)
    ST7735_DrawString                        0x000010f1   Thumb Code    86  st7735.o(i.ST7735_DrawString)
    ST7735_FillRect                          0x00001149   Thumb Code   164  st7735.o(i.ST7735_FillRect)
    ST7735_FillScreen                        0x000011f5   Thumb Code    28  st7735.o(i.ST7735_FillScreen)
    ST7735_InitR                             0x00001219   Thumb Code    90  st7735.o(i.ST7735_InitR)
    ST7735_OutChar                           0x00001295   Thumb Code   176  st7735.o(i.ST7735_OutChar)
    ST7735_OutString                         0x00001369   Thumb Code    24  st7735.o(i.ST7735_OutString)
    ST7735_OutUDec                           0x00001381   Thumb Code   118  st7735.o(i.ST7735_OutUDec)
    ST7735_SetCursor                         0x0000140d   Thumb Code    22  st7735.o(i.ST7735_SetCursor)
    Scheduler                                0x0000142d   Thumb Code    42  os.o(i.Scheduler)
    Sound_Init                               0x0000145d   Thumb Code    18  sound.o(i.Sound_Init)
    Sound_Killed                             0x00001479   Thumb Code    14  sound.o(i.Sound_Killed)
    Sound_Out                                0x0000148d   Thumb Code    16  sound.o(i.Sound_Out)
    Sound_Play                               0x000014a9   Thumb Code    54  sound.o(i.Sound_Play)
    Sound_Shoot                              0x000014ed   Thumb Code    14  sound.o(i.Sound_Shoot)
    Task0                                    0x00001501   Thumb Code    68  spaceinvaders.o(i.Task0)
    Task1                                    0x00001561   Thumb Code   172  spaceinvaders.o(i.Task1)
    Task2                                    0x00001651   Thumb Code    24  spaceinvaders.o(i.Task2)
    Task3                                    0x00001671   Thumb Code    60  spaceinvaders.o(i.Task3)
    Task7                                    0x000016b9   Thumb Code    24  spaceinvaders.o(i.Task7)
    Timer4A_Handler                          0x000016d5   Thumb Code    18  texas.o(i.Timer4A_Handler)
    Timer5A_Handler                          0x000016f5   Thumb Code    34  texas.o(i.Timer5A_Handler)
    WideTimer3A_Handler                      0x00001725   Thumb Code    16  bsp.o(i.WideTimer3A_Handler)
    WideTimer4A_Handler                      0x0000173d   Thumb Code    16  bsp.o(i.WideTimer4A_Handler)
    WideTimer5A_Handler                      0x00001755   Thumb Code    16  bsp.o(i.WideTimer5A_Handler)
    checkEnemies                             0x0000176d   Thumb Code    48  spaceinvaders.o(i.checkEnemies)
    enemy_move                               0x00001985   Thumb Code   154  spaceinvaders.o(i.enemy_move)
    enemylaser                               0x00001a2d   Thumb Code    94  spaceinvaders.o(i.enemylaser)
    fillmessage                              0x00001a91   Thumb Code    64  st7735.o(i.fillmessage)
    lasermove                                0x00001ad9   Thumb Code    28  spaceinvaders.o(i.lasermove)
    laserplayercollision                     0x00001af9   Thumb Code    58  spaceinvaders.o(i.laserplayercollision)
    main                                     0x00001b3d   Thumb Code   128  spaceinvaders.o(i.main)
    missleCollision                          0x00001bd9   Thumb Code   114  spaceinvaders.o(i.missleCollision)
    missle_draw                              0x00001c59   Thumb Code    94  spaceinvaders.o(i.missle_draw)
    new_Laser                                0x00001cc5   Thumb Code    70  spaceinvaders.o(i.new_Laser)
    new_Missle                               0x00001d1d   Thumb Code    34  spaceinvaders.o(i.new_Missle)
    player_Init                              0x00001d51   Thumb Code    24  spaceinvaders.o(i.player_Init)
    __aeabi_d2uiz                            0x00001e8d   Thumb Code     0  dfixu.o(x$fpl$dfixu)
    _dfixu                                   0x00001e8d   Thumb Code    90  dfixu.o(x$fpl$dfixu)
    __aeabi_ui2d                             0x00001ee7   Thumb Code     0  dflt_clz.o(x$fpl$dfltu)
    _dfltu                                   0x00001ee7   Thumb Code    38  dflt_clz.o(x$fpl$dfltu)
    __aeabi_dmul                             0x00001f0d   Thumb Code     0  dmul.o(x$fpl$dmul)
    _dmul                                    0x00001f0d   Thumb Code   332  dmul.o(x$fpl$dmul)
    __fpl_dnaninf                            0x00002061   Thumb Code   156  dnaninf.o(x$fpl$dnaninf)
    __fpl_dretinf                            0x000020fd   Thumb Code    12  dretinf.o(x$fpl$dretinf)
    __I$use$fp                               0x00002108   Number         0  usenofp.o(x$fpl$usenofp)
    missle                                   0x00002108   Data         288  spaceinvaders.o(.constdata)
    missle1                                  0x00002228   Data          72  spaceinvaders.o(.constdata)
    elaser                                   0x00002270   Data          36  spaceinvaders.o(.constdata)
    SmallEnemy10pointA                       0x00002294   Data         320  spaceinvaders.o(.constdata)
    PlayerShip                               0x000023d4   Data         288  spaceinvaders.o(.constdata)
    SmallEnemy10pointB                       0x000024f4   Data         320  spaceinvaders.o(.constdata)
    SmallEnemy20pointA                       0x00002634   Data         320  spaceinvaders.o(.constdata)
    SmallEnemy20pointB                       0x00002774   Data         320  spaceinvaders.o(.constdata)
    SmallEnemy30pointA                       0x000028b4   Data         320  spaceinvaders.o(.constdata)
    SmallEnemy30pointB                       0x000029f4   Data         320  spaceinvaders.o(.constdata)
    PlayerShip0                              0x00002b34   Data         288  spaceinvaders.o(.constdata)
    pship                                    0x00002c54   Data         288  spaceinvaders.o(.constdata)
    Bunker0                                  0x00002d74   Data         180  spaceinvaders.o(.constdata)
    smallCircle                              0x0000340a   Data          36  st7735.o(.constdata)
    circle                                   0x0000342e   Data          60  st7735.o(.constdata)
    dBfs                                     0x0000346a   Data         512  st7735.o(.constdata)
    shoot                                    0x0000366a   Data        4080  sound.o(.constdata)
    invaderkilled                            0x0000465a   Data        3377  sound.o(.constdata)
    explosion                                0x0000538b   Data        2000  sound.o(.constdata)
    fastinvader1                             0x00005b5b   Data         982  sound.o(.constdata)
    fastinvader2                             0x00005f31   Data        1042  sound.o(.constdata)
    fastinvader3                             0x00006343   Data        1054  sound.o(.constdata)
    fastinvader4                             0x00006761   Data        1098  sound.o(.constdata)
    highpitch                                0x00006bab   Data        1802  sound.o(.constdata)
    Region$$Table$$Base                      0x000072b8   Number         0  anon$$obj.o(Region$$Table)
    Region$$Table$$Limit                     0x000072d8   Number         0  anon$$obj.o(Region$$Table)
    PeriodicTask0                            0x20000000   Data           4  spaceinvaders.o(.data)
    Distance                                 0x20000004   Data           4  spaceinvaders.o(.data)
    ADCdata                                  0x20000008   Data           4  spaceinvaders.o(.data)
    pixel                                    0x2000000c   Data           4  spaceinvaders.o(.data)
    currentX                                 0x20000010   Data           4  spaceinvaders.o(.data)
    currentY                                 0x20000014   Data           4  spaceinvaders.o(.data)
    weapon                                   0x20000018   Data           4  spaceinvaders.o(.data)
    end                                      0x2000001c   Data           1  spaceinvaders.o(.data)
    count                                    0x2000001d   Data           1  spaceinvaders.o(.data)
    score                                    0x20000020   Data           4  spaceinvaders.o(.data)
    Enemies                                  0x20000024   Data           4  spaceinvaders.o(.data)
    Button                                   0x20000028   Data           4  spaceinvaders.o(.data)
    task0                                    0x2000002c   Data           4  spaceinvaders.o(.data)
    task1                                    0x20000030   Data           4  spaceinvaders.o(.data)
    task2                                    0x20000034   Data           4  spaceinvaders.o(.data)
    TakeADCdata                              0x20000038   Data           4  spaceinvaders.o(.data)
    ADCmutex                                 0x2000003c   Data           4  spaceinvaders.o(.data)
    SwitchTouch                              0x20000040   Data           4  spaceinvaders.o(.data)
    LCDdata                                  0x20000044   Data           4  spaceinvaders.o(.data)
    Takesounddata                            0x20000048   Data           4  spaceinvaders.o(.data)
    task3                                    0x2000004c   Data           4  spaceinvaders.o(.data)
    Count7                                   0x20000050   Data           4  spaceinvaders.o(.data)
    num                                      0x20000054   Data           4  spaceinvaders.o(.data)
    TExaS_Ports                              0x20000058   Data           8  texas.o(.data)
    Display                                  0x20000060   Data           1  texas.o(.data)
    TExaS_Meter                              0x20000064   Data           4  texas.o(.data)
    ADCnum                                   0x20000068   Data           4  texas.o(.data)
    TExaS_Period                             0x2000006c   Data           4  texas.o(.data)
    LastMode                                 0x20000070   Data           4  texas.o(.data)
    bFlag                                    0x20000074   Data           4  texas.o(.data)
    Count                                    0x20000078   Data           4  texas.o(.data)
    DelayBetweenTests                        0x2000007c   Data           4  texas.o(.data)
    TExaS_Test                               0x20000080   Data           4  texas.o(.data)
    ScopeMode                                0x20000084   Data           4  texas.o(.data)
    ScopeCount                               0x20000088   Data           4  texas.o(.data)
    stX                                      0x2000008c   Data           4  st7735.o(.data)
    stY                                      0x20000090   Data           4  st7735.o(.data)
    stTextColor                              0x20000094   Data           2  st7735.o(.data)
    messageindex                             0x200000a0   Data           4  st7735.o(.data)
    YMax                                     0x200000a4   Data           4  st7735.o(.data)
    YMin                                     0x200000a8   Data           4  st7735.o(.data)
    X                                        0x200000ac   Data           4  st7735.o(.data)
    YRange                                   0x200000b0   Data           4  st7735.o(.data)
    lastj                                    0x200000b4   Data           4  st7735.o(.data)
    Index                                    0x200000b8   Data           4  sound.o(.data)
    Wave                                     0x200000bc   Data           4  sound.o(.data)
    length                                   0x200000c0   Data           4  sound.o(.data)
    RunPt                                    0x200000c4   Data           4  os.o(.data)
    NumThread                                0x200000c8   Data           4  os.o(.data)
    previousPt                               0x200000d0   Data           4  os.o(.data)
    nextPt                                   0x200000d4   Data           4  os.o(.data)
    killPt                                   0x200000d8   Data           4  os.o(.data)
    PutI                                     0x200000dc   Data           4  os.o(.data)
    GetI                                     0x200000e0   Data           4  os.o(.data)
    CurrentSize                              0x200000e4   Data           4  os.o(.data)
    LostData                                 0x200000e8   Data           4  os.o(.data)
    FIFOmutex                                0x200000ec   Data           4  os.o(.data)
    PeriodicSemaphore0                       0x200000f0   Data           4  os.o(.data)
    Period0                                  0x200000f4   Data           4  os.o(.data)
    PeriodicSemaphore1                       0x200000f8   Data           4  os.o(.data)
    Period1                                  0x200000fc   Data           4  os.o(.data)
    edgeSemaphore                            0x20000100   Data           4  os.o(.data)
    StX                                      0x20000110   Data           4  bsp.o(.data)
    StY                                      0x20000114   Data           4  bsp.o(.data)
    StTextColor                              0x20000118   Data           2  bsp.o(.data)
    Messageindex                             0x20000120   Data           4  bsp.o(.data)
    TimeIndex                                0x20000124   Data           4  bsp.o(.data)
    Ymax                                     0x20000128   Data           4  bsp.o(.data)
    Ymin                                     0x2000012c   Data           4  bsp.o(.data)
    Yrange                                   0x20000130   Data           4  bsp.o(.data)
    PlotBGColor                              0x20000134   Data           2  bsp.o(.data)
    PeriodicTask                             0x20000138   Data           4  bsp.o(.data)
    PeriodicTaskB                            0x2000013c   Data           4  bsp.o(.data)
    PeriodicTaskC                            0x20000140   Data           4  bsp.o(.data)
    LightBusy                                0x20000144   Data           4  bsp.o(.data)
    TempBusy                                 0x20000148   Data           4  bsp.o(.data)
    Enemy                                    0x20000150   Data          80  spaceinvaders.o(.bss)
    Player                                   0x200001a0   Data          20  spaceinvaders.o(.bss)
    Missle                                   0x200001b4   Data          20  spaceinvaders.o(.bss)
    Enemy_laser                              0x200001c8   Data          20  spaceinvaders.o(.bss)
    Message                                  0x200001dc   Data          12  st7735.o(.bss)
    tcbs                                     0x200001e8   Data         480  os.o(.bss)
    Stacks                                   0x200003c8   Data        8000  os.o(.bss)
    Fifo                                     0x20002308   Data          40  os.o(.bss)
    __libspace_start                         0x20002330   Data          96  libspace.o(.bss)
    __temporary_stack_top$libspace           0x20002390   Data           0  libspace.o(.bss)



==============================================================================

Memory Map of the image

  Image Entry point : 0x0000026d

  Load Region LR_1 (Base: 0x00000000, Size: 0x00007428, Max: 0xffffffff, ABSOLUTE, COMPRESSED[0x000072fc])

    Execution Region ER_RO (Exec base: 0x00000000, Load base: 0x00000000, Size: 0x000072d8, Max: 0xffffffff, ABSOLUTE)

    Exec Addr    Load Addr    Size         Type   Attr      Idx    E Section Name        Object

    0x00000000   0x00000000   0x00000284   Code   RO            3  * RESET               startup.o
    0x00000284   0x00000284   0x00000008   Code   RO         1366  * !!!main             c_w.l(__main.o)
    0x0000028c   0x0000028c   0x00000034   Code   RO         1544    !!!scatter          c_w.l(__scatter.o)
    0x000002c0   0x000002c0   0x0000003a   Code   RO         1542    !!dczerorl          c_w.l(__dczerorl.o)
    0x000002fa   0x000002fa   0x00000002   PAD
    0x000002fc   0x000002fc   0x0000001c   Code   RO         1546    !!handler_zi        c_w.l(__scatter_zi.o)
    0x00000318   0x00000318   0x00000002   Code   RO         1410    .ARM.Collect$$libinit$$00000000  c_w.l(libinit.o)
    0x0000031a   0x0000031a   0x00000000   Code   RO         1417    .ARM.Collect$$libinit$$00000002  c_w.l(libinit2.o)
    0x0000031a   0x0000031a   0x00000000   Code   RO         1419    .ARM.Collect$$libinit$$00000004  c_w.l(libinit2.o)
    0x0000031a   0x0000031a   0x00000000   Code   RO         1422    .ARM.Collect$$libinit$$0000000A  c_w.l(libinit2.o)
    0x0000031a   0x0000031a   0x00000000   Code   RO         1424    .ARM.Collect$$libinit$$0000000C  c_w.l(libinit2.o)
    0x0000031a   0x0000031a   0x00000000   Code   RO         1426    .ARM.Collect$$libinit$$0000000E  c_w.l(libinit2.o)
    0x0000031a   0x0000031a   0x00000000   Code   RO         1429    .ARM.Collect$$libinit$$00000011  c_w.l(libinit2.o)
    0x0000031a   0x0000031a   0x00000000   Code   RO         1431    .ARM.Collect$$libinit$$00000013  c_w.l(libinit2.o)
    0x0000031a   0x0000031a   0x00000000   Code   RO         1433    .ARM.Collect$$libinit$$00000015  c_w.l(libinit2.o)
    0x0000031a   0x0000031a   0x00000000   Code   RO         1435    .ARM.Collect$$libinit$$00000017  c_w.l(libinit2.o)
    0x0000031a   0x0000031a   0x00000000   Code   RO         1437    .ARM.Collect$$libinit$$00000019  c_w.l(libinit2.o)
    0x0000031a   0x0000031a   0x00000000   Code   RO         1439    .ARM.Collect$$libinit$$0000001B  c_w.l(libinit2.o)
    0x0000031a   0x0000031a   0x00000000   Code   RO         1441    .ARM.Collect$$libinit$$0000001D  c_w.l(libinit2.o)
    0x0000031a   0x0000031a   0x00000000   Code   RO         1443    .ARM.Collect$$libinit$$0000001F  c_w.l(libinit2.o)
    0x0000031a   0x0000031a   0x00000000   Code   RO         1445    .ARM.Collect$$libinit$$00000021  c_w.l(libinit2.o)
    0x0000031a   0x0000031a   0x00000000   Code   RO         1447    .ARM.Collect$$libinit$$00000023  c_w.l(libinit2.o)
    0x0000031a   0x0000031a   0x00000000   Code   RO         1449    .ARM.Collect$$libinit$$00000025  c_w.l(libinit2.o)
    0x0000031a   0x0000031a   0x00000000   Code   RO         1453    .ARM.Collect$$libinit$$0000002C  c_w.l(libinit2.o)
    0x0000031a   0x0000031a   0x00000000   Code   RO         1455    .ARM.Collect$$libinit$$0000002E  c_w.l(libinit2.o)
    0x0000031a   0x0000031a   0x00000000   Code   RO         1457    .ARM.Collect$$libinit$$00000030  c_w.l(libinit2.o)
    0x0000031a   0x0000031a   0x00000000   Code   RO         1459    .ARM.Collect$$libinit$$00000032  c_w.l(libinit2.o)
    0x0000031a   0x0000031a   0x00000002   Code   RO         1460    .ARM.Collect$$libinit$$00000033  c_w.l(libinit2.o)
    0x0000031c   0x0000031c   0x00000002   Code   RO         1480    .ARM.Collect$$libshutdown$$00000000  c_w.l(libshutdown.o)
    0x0000031e   0x0000031e   0x00000000   Code   RO         1493    .ARM.Collect$$libshutdown$$00000002  c_w.l(libshutdown2.o)
    0x0000031e   0x0000031e   0x00000000   Code   RO         1495    .ARM.Collect$$libshutdown$$00000004  c_w.l(libshutdown2.o)
    0x0000031e   0x0000031e   0x00000000   Code   RO         1497    .ARM.Collect$$libshutdown$$00000006  c_w.l(libshutdown2.o)
    0x0000031e   0x0000031e   0x00000000   Code   RO         1500    .ARM.Collect$$libshutdown$$00000009  c_w.l(libshutdown2.o)
    0x0000031e   0x0000031e   0x00000000   Code   RO         1503    .ARM.Collect$$libshutdown$$0000000C  c_w.l(libshutdown2.o)
    0x0000031e   0x0000031e   0x00000000   Code   RO         1505    .ARM.Collect$$libshutdown$$0000000E  c_w.l(libshutdown2.o)
    0x0000031e   0x0000031e   0x00000000   Code   RO         1508    .ARM.Collect$$libshutdown$$00000011  c_w.l(libshutdown2.o)
    0x0000031e   0x0000031e   0x00000002   Code   RO         1509    .ARM.Collect$$libshutdown$$00000012  c_w.l(libshutdown2.o)
    0x00000320   0x00000320   0x00000000   Code   RO         1380    .ARM.Collect$$rtentry$$00000000  c_w.l(__rtentry.o)
    0x00000320   0x00000320   0x00000000   Code   RO         1387    .ARM.Collect$$rtentry$$00000002  c_w.l(__rtentry2.o)
    0x00000320   0x00000320   0x00000006   Code   RO         1399    .ARM.Collect$$rtentry$$00000004  c_w.l(__rtentry4.o)
    0x00000326   0x00000326   0x00000000   Code   RO         1389    .ARM.Collect$$rtentry$$00000009  c_w.l(__rtentry2.o)
    0x00000326   0x00000326   0x00000004   Code   RO         1390    .ARM.Collect$$rtentry$$0000000A  c_w.l(__rtentry2.o)
    0x0000032a   0x0000032a   0x00000000   Code   RO         1392    .ARM.Collect$$rtentry$$0000000C  c_w.l(__rtentry2.o)
    0x0000032a   0x0000032a   0x00000008   Code   RO         1393    .ARM.Collect$$rtentry$$0000000D  c_w.l(__rtentry2.o)
    0x00000332   0x00000332   0x00000002   Code   RO         1414    .ARM.Collect$$rtexit$$00000000  c_w.l(rtexit.o)
    0x00000334   0x00000334   0x00000000   Code   RO         1462    .ARM.Collect$$rtexit$$00000002  c_w.l(rtexit2.o)
    0x00000334   0x00000334   0x00000004   Code   RO         1463    .ARM.Collect$$rtexit$$00000003  c_w.l(rtexit2.o)
    0x00000338   0x00000338   0x00000006   Code   RO         1464    .ARM.Collect$$rtexit$$00000004  c_w.l(rtexit2.o)
    0x0000033e   0x0000033e   0x00000002   PAD
    0x00000340   0x00000340   0x00000030   Code   RO            4    .text               startup.o
    0x00000370   0x00000370   0x0000003c   Code   RO           13    .text               random.o
    0x000003ac   0x000003ac   0x0000005c   Code   RO         1359    .text               osasm.o
    0x00000408   0x00000408   0x00000006   Code   RO         1364    .text               c_w.l(heapauxi.o)
    0x0000040e   0x0000040e   0x0000004a   Code   RO         1401    .text               c_w.l(sys_stackheap_outer.o)
    0x00000458   0x00000458   0x00000012   Code   RO         1403    .text               c_w.l(exit.o)
    0x0000046a   0x0000046a   0x00000002   PAD
    0x0000046c   0x0000046c   0x00000008   Code   RO         1411    .text               c_w.l(libspace.o)
    0x00000474   0x00000474   0x0000000c   Code   RO         1472    .text               c_w.l(sys_exit.o)
    0x00000480   0x00000480   0x00000002   Code   RO         1483    .text               c_w.l(use_no_semi.o)
    0x00000482   0x00000482   0x00000000   Code   RO         1485    .text               c_w.l(indicate_semi.o)
    0x00000482   0x00000482   0x00000002   PAD
    0x00000484   0x00000484   0x0000002c   Code   RO          698    i.ADC0_In           adc.o
    0x000004b0   0x000004b0   0x000000d4   Code   RO          699    i.ADC0_Init         adc.o
    0x00000584   0x00000584   0x0000000c   Code   RO          173    i.ADC1_In           texas.o
    0x00000590   0x00000590   0x0000000c   Code   RO          866    i.BSP_Clock_GetFreq  bsp.o
    0x0000059c   0x0000059c   0x0000008c   Code   RO          867    i.BSP_Clock_InitFastest  bsp.o
    0x00000628   0x00000628   0x000000c0   Code   RO          898    i.BSP_PeriodicTask_Init  bsp.o
    0x000006e8   0x000006e8   0x000000bc   Code   RO          899    i.BSP_PeriodicTask_InitB  bsp.o
    0x000007a4   0x000007a4   0x00000040   Code   RO           16    i.Convert           spaceinvaders.o
    0x000007e4   0x000007e4   0x0000007c   Code   RO          674    i.DAC_Init          dac.o
    0x00000860   0x00000860   0x0000000c   Code   RO          675    i.DAC_Out           dac.o
    0x0000086c   0x0000086c   0x00000020   Code   RO          293    i.Delay1ms          st7735.o
    0x0000088c   0x0000088c   0x00000108   Code   RO           17    i.Draw              spaceinvaders.o
    0x00000994   0x00000994   0x00000060   Code   RO          719    i.GPIOPortE_Handler  os.o
    0x000009f4   0x000009f4   0x00000054   Code   RO           18    i.Init              spaceinvaders.o
    0x00000a48   0x00000a48   0x00000020   Code   RO           19    i.Move              spaceinvaders.o
    0x00000a68   0x00000a68   0x00000158   Code   RO          720    i.OS_AddThread      os.o
    0x00000bc0   0x00000bc0   0x000000f4   Code   RO          721    i.OS_EdgeTrigger_Init  os.o
    0x00000cb4   0x00000cb4   0x0000001c   Code   RO          722    i.OS_EdgeTrigger_Restart  os.o
    0x00000cd0   0x00000cd0   0x00000030   Code   RO          727    i.OS_Init           os.o
    0x00000d00   0x00000d00   0x00000004   Code   RO          728    i.OS_InitSemaphore  os.o
    0x00000d04   0x00000d04   0x00000034   Code   RO          730    i.OS_Launch         os.o
    0x00000d38   0x00000d38   0x00000028   Code   RO          731    i.OS_PeriodTrigger0_Init  os.o
    0x00000d60   0x00000d60   0x00000028   Code   RO          732    i.OS_PeriodTrigger1_Init  os.o
    0x00000d88   0x00000d88   0x00000034   Code   RO          733    i.OS_Signal         os.o
    0x00000dbc   0x00000dbc   0x00000014   Code   RO          734    i.OS_Sleep          os.o
    0x00000dd0   0x00000dd0   0x00000018   Code   RO          735    i.OS_Suspend        os.o
    0x00000de8   0x00000de8   0x0000002c   Code   RO          736    i.OS_Wait           os.o
    0x00000e14   0x00000e14   0x00000010   Code   RO          296    i.Output_Init       st7735.o
    0x00000e24   0x00000e24   0x0000006c   Code   RO          737    i.RealTimeEvents    os.o
    0x00000e90   0x00000e90   0x00000120   Code   RO          300    i.ST7735_DrawBitmap  st7735.o
    0x00000fb0   0x00000fb0   0x000000f8   Code   RO          302    i.ST7735_DrawCharS  st7735.o
    0x000010a8   0x000010a8   0x00000048   Code   RO          306    i.ST7735_DrawPixel  st7735.o
    0x000010f0   0x000010f0   0x00000056   Code   RO          308    i.ST7735_DrawString  st7735.o
    0x00001146   0x00001146   0x00000002   PAD
    0x00001148   0x00001148   0x000000ac   Code   RO          309    i.ST7735_FillRect   st7735.o
    0x000011f4   0x000011f4   0x00000024   Code   RO          310    i.ST7735_FillScreen  st7735.o
    0x00001218   0x00001218   0x0000007c   Code   RO          312    i.ST7735_InitR      st7735.o
    0x00001294   0x00001294   0x000000d4   Code   RO          314    i.ST7735_OutChar    st7735.o
    0x00001368   0x00001368   0x00000018   Code   RO          315    i.ST7735_OutString  st7735.o
    0x00001380   0x00001380   0x0000008c   Code   RO          316    i.ST7735_OutUDec    st7735.o
    0x0000140c   0x0000140c   0x00000020   Code   RO          325    i.ST7735_SetCursor  st7735.o
    0x0000142c   0x0000142c   0x00000030   Code   RO          738    i.Scheduler         os.o
    0x0000145c   0x0000145c   0x0000001c   Code   RO          604    i.Sound_Init        sound.o
    0x00001478   0x00001478   0x00000014   Code   RO          605    i.Sound_Killed      sound.o
    0x0000148c   0x0000148c   0x0000001c   Code   RO          606    i.Sound_Out         sound.o
    0x000014a8   0x000014a8   0x00000044   Code   RO          607    i.Sound_Play        sound.o
    0x000014ec   0x000014ec   0x00000014   Code   RO          608    i.Sound_Shoot       sound.o
    0x00001500   0x00001500   0x00000060   Code   RO           20    i.Task0             spaceinvaders.o
    0x00001560   0x00001560   0x000000f0   Code   RO           21    i.Task1             spaceinvaders.o
    0x00001650   0x00001650   0x00000020   Code   RO           22    i.Task2             spaceinvaders.o
    0x00001670   0x00001670   0x00000048   Code   RO           23    i.Task3             spaceinvaders.o
    0x000016b8   0x000016b8   0x0000001c   Code   RO           24    i.Task7             spaceinvaders.o
    0x000016d4   0x000016d4   0x00000020   Code   RO          183    i.Timer4A_Handler   texas.o
    0x000016f4   0x000016f4   0x00000030   Code   RO          184    i.Timer5A_Handler   texas.o
    0x00001724   0x00001724   0x00000018   Code   RO          920    i.WideTimer3A_Handler  bsp.o
    0x0000173c   0x0000173c   0x00000018   Code   RO          921    i.WideTimer4A_Handler  bsp.o
    0x00001754   0x00001754   0x00000018   Code   RO          922    i.WideTimer5A_Handler  bsp.o
    0x0000176c   0x0000176c   0x00000038   Code   RO           25    i.checkEnemies      spaceinvaders.o
    0x000017a4   0x000017a4   0x00000056   Code   RO          329    i.commandList       st7735.o
    0x000017fa   0x000017fa   0x00000002   PAD
    0x000017fc   0x000017fc   0x00000188   Code   RO          330    i.commonInit        st7735.o
    0x00001984   0x00001984   0x000000a8   Code   RO           26    i.enemy_move        spaceinvaders.o
    0x00001a2c   0x00001a2c   0x00000064   Code   RO           27    i.enemylaser        spaceinvaders.o
    0x00001a90   0x00001a90   0x00000048   Code   RO          334    i.fillmessage       st7735.o
    0x00001ad8   0x00001ad8   0x00000020   Code   RO           28    i.lasermove         spaceinvaders.o
    0x00001af8   0x00001af8   0x00000044   Code   RO           29    i.laserplayercollision  spaceinvaders.o
    0x00001b3c   0x00001b3c   0x0000009c   Code   RO           30    i.main              spaceinvaders.o
    0x00001bd8   0x00001bd8   0x00000080   Code   RO           31    i.missleCollision   spaceinvaders.o
    0x00001c58   0x00001c58   0x0000006c   Code   RO           32    i.missle_draw       spaceinvaders.o
    0x00001cc4   0x00001cc4   0x00000058   Code   RO           33    i.new_Laser         spaceinvaders.o
    0x00001d1c   0x00001d1c   0x00000034   Code   RO           34    i.new_Missle        spaceinvaders.o
    0x00001d50   0x00001d50   0x00000020   Code   RO           35    i.player_Init       spaceinvaders.o
    0x00001d70   0x00001d70   0x00000012   Code   RO          336    i.pushColor         st7735.o
    0x00001d82   0x00001d82   0x00000002   PAD
    0x00001d84   0x00001d84   0x00000038   Code   RO          739    i.runperiodicevents  os.o
    0x00001dbc   0x00001dbc   0x00000074   Code   RO          337    i.setAddrWindow     st7735.o
    0x00001e30   0x00001e30   0x00000038   Code   RO          338    i.writecommand      st7735.o
    0x00001e68   0x00001e68   0x00000024   Code   RO          339    i.writedata         st7735.o
    0x00001e8c   0x00001e8c   0x0000005a   Code   RO         1368    x$fpl$dfixu         fz_ws.l(dfixu.o)
    0x00001ee6   0x00001ee6   0x00000026   Code   RO         1372    x$fpl$dfltu         fz_ws.l(dflt_clz.o)
    0x00001f0c   0x00001f0c   0x00000154   Code   RO         1378    x$fpl$dmul          fz_ws.l(dmul.o)
    0x00002060   0x00002060   0x0000009c   Code   RO         1381    x$fpl$dnaninf       fz_ws.l(dnaninf.o)
    0x000020fc   0x000020fc   0x0000000c   Code   RO         1383    x$fpl$dretinf       fz_ws.l(dretinf.o)
    0x00002108   0x00002108   0x00000000   Code   RO         1385    x$fpl$usenofp       fz_ws.l(usenofp.o)
    0x00002108   0x00002108   0x00000d20   Data   RO           37    .constdata          spaceinvaders.o
    0x00002e28   0x00002e28   0x00000842   Data   RO          341    .constdata          st7735.o
    0x0000366a   0x0000366a   0x00003c4b   Data   RO          609    .constdata          sound.o
    0x000072b5   0x000072b5   0x00000003   PAD
    0x000072b8   0x000072b8   0x00000020   Data   RO         1540    Region$$Table       anon$$obj.o


    Execution Region ER_RW (Exec base: 0x20000000, Load base: 0x000072d8, Size: 0x00000150, Max: 0xffffffff, ABSOLUTE, COMPRESSED[0x00000024])

    Exec Addr    Load Addr    Size         Type   Attr      Idx    E Section Name        Object

    0x20000000   COMPRESSED   0x00000058   Data   RW           38    .data               spaceinvaders.o
    0x20000058   COMPRESSED   0x00000034   Data   RW          193    .data               texas.o
    0x2000008c   COMPRESSED   0x0000002c   Data   RW          342    .data               st7735.o
    0x200000b8   COMPRESSED   0x0000000c   Data   RW          610    .data               sound.o
    0x200000c4   COMPRESSED   0x00000044   Data   RW          741    .data               os.o
    0x20000108   COMPRESSED   0x00000044   Data   RW          942    .data               bsp.o
    0x2000014c   COMPRESSED   0x00000004   Data   RW           12    DATA                random.o


    Execution Region ER_ZI (Exec base: 0x20000150, Load base: 0x000072fc, Size: 0x00002640, Max: 0xffffffff, ABSOLUTE)

    Exec Addr    Load Addr    Size         Type   Attr      Idx    E Section Name        Object

    0x20000150        -       0x0000008c   Zero   RW           36    .bss                spaceinvaders.o
    0x200001dc        -       0x0000000c   Zero   RW          340    .bss                st7735.o
    0x200001e8        -       0x00002148   Zero   RW          740    .bss                os.o
    0x20002330        -       0x00000060   Zero   RW         1412    .bss                c_w.l(libspace.o)
    0x20002390        -       0x00000000   Zero   RW            2    HEAP                startup.o
    0x20002390        -       0x00000400   Zero   RW            1    STACK               startup.o


==============================================================================

Image component sizes


      Code (inc. data)   RO Data    RW Data    ZI Data      Debug   Object Name

       256         26          0          0          0        898   adc.o
       604        102          0         68          0       6581   bsp.o
       136         22          0          0          0        845   dac.o
      1248        162          0         68       8520       9041   os.o
        92          6          0          0          0        232   osasm.o
        60         14          0          4          0        224   random.o
       164         48      15435         12          0       3103   sound.o
      1900        304       3360         88        140      16527   spaceinvaders.o
      2258        234       2114         44         12      14850   st7735.o
       692        632          0          0       1024        956   startup.o
        92         34          0         52          0      13133   texas.o

    ----------------------------------------------------------------------
      7508       1584      20944        336       9696      66390   Object Totals
         0          0         32          0          0          0   (incl. Generated)
         6          0          3          0          0          0   (incl. Padding)

    ----------------------------------------------------------------------

      Code (inc. data)   RO Data    RW Data    ZI Data      Debug   Library Member Name

        58          0          0          0          0          0   __dczerorl.o
         8          0          0          0          0         68   __main.o
         0          0          0          0          0          0   __rtentry.o
        12          0          0          0          0          0   __rtentry2.o
         6          0          0          0          0          0   __rtentry4.o
        52          8          0          0          0          0   __scatter.o
        28          0          0          0          0          0   __scatter_zi.o
        18          0          0          0          0         80   exit.o
         6          0          0          0          0        152   heapauxi.o
         0          0          0          0          0          0   indicate_semi.o
         2          0          0          0          0          0   libinit.o
         2          0          0          0          0          0   libinit2.o
         2          0          0          0          0          0   libshutdown.o
         2          0          0          0          0          0   libshutdown2.o
         8          4          0          0         96         68   libspace.o
         2          0          0          0          0          0   rtexit.o
        10          0          0          0          0          0   rtexit2.o
        12          4          0          0          0         68   sys_exit.o
        74          0          0          0          0         80   sys_stackheap_outer.o
         2          0          0          0          0         68   use_no_semi.o
        90          4          0          0          0         92   dfixu.o
        38          0          0          0          0         68   dflt_clz.o
       340         12          0          0          0        104   dmul.o
       156          4          0          0          0         92   dnaninf.o
        12          0          0          0          0         68   dretinf.o
         0          0          0          0          0          0   usenofp.o

    ----------------------------------------------------------------------
       948         36          0          0         96       1008   Library Totals
         8          0          0          0          0          0   (incl. Padding)

    ----------------------------------------------------------------------

      Code (inc. data)   RO Data    RW Data    ZI Data      Debug   Library Name

       304         16          0          0         96        584   c_w.l
       636         20          0          0          0        424   fz_ws.l

    ----------------------------------------------------------------------
       948         36          0          0         96       1008   Library Totals

    ----------------------------------------------------------------------

==============================================================================


      Code (inc. data)   RO Data    RW Data    ZI Data      Debug   

      8456       1620      20944        336       9792      63338   Grand Totals
      8456       1620      20944         36       9792      63338   ELF Image Totals (compressed)
      8456       1620      20944         36          0          0   ROM Totals

==============================================================================

    Total RO  Size (Code + RO Data)                29400 (  28.71kB)
    Total RW  Size (RW Data + ZI Data)             10128 (   9.89kB)
    Total ROM Size (Code + RO Data + RW Data)      29436 (  28.75kB)

==============================================================================

